{"version":8,"type":"context-options","origin":"library","browserName":"chromium","playwrightVersion":"1.62.1","options":{"noDefaultViewport":false,"viewport":{"width":1280,"height":800},"ignoreHTTPSErrors":false,"javaScriptEnabled":true,"bypassCSP":false,"userAgent":"Mozilla/5.0 (Windows NT 10.0; Win64; x64) AppleWebKit/537.36 (KHTML, like Gecko) Chrome/151.0.7922.34 Safari/537.36","locale":"en-US","offline":false,"deviceScaleFactor":1,"isMobile":false,"hasTouch":false,"colorScheme":"light","acceptDownloads":"accept","baseURL":"http://localhost:4173","recordVideo":{"dir":"C:\\Dev\\00-work\\multiplication-table\\99\\e2e\\.resultados\\.playwright-artifacts-0"},"serviceWorkers":"allow","selectorEngines":[],"testIdAttributeName":"data-testid"},"platform":"win32","wallTime":1786867246368,"monotonicTime":2535.786,"sdkLanguage":"javascript","testIdAttributeName":"data-testid","contextId":"browser-context@b9d4d663903f2b58ce12de6c158a60d8","title":"desktop.spec.ts:31 › partida no computador › carrega a ilha e mostra o HUD"}
{"type":"before","callId":"call@6","startTime":2541.93,"class":"BrowserContext","method":"newPage","params":{},"stepId":"pw:api@35"}
{"type":"event","time":2679.324,"class":"BrowserContext","method":"page","params":{"pageId":"page@a0693b95e73809aef1411bb4bf447adf"}}
{"type":"after","callId":"call@6","endTime":2679.454,"result":{"page":"<Page>"}}
{"type":"before","callId":"call@9","startTime":2692.163,"class":"Frame","method":"goto","params":{"url":"/","waitUntil":"load"},"stepId":"pw:api@36","pageId":"page@a0693b95e73809aef1411bb4bf447adf","beforeSnapshot":"before@call@9"}
{"type":"frame-snapshot","snapshot":{"callId":"call@9","snapshotName":"before@call@9","pageId":"page@a0693b95e73809aef1411bb4bf447adf","frameId":"frame@2e1203a2065733731cf888fd13f896ac","frameUrl":"about:blank","html":["HTML",{},["HEAD",{},["BASE",{"href":"about:blank"}]],["BODY"]],"viewport":{"width":1280,"height":800},"timestamp":2697.595,"wallTime":1786867246530,"collectionTime":1.199999999254942,"resourceOverrides":[],"isMainFrame":true}}
{"type":"log","callId":"call@9","time":2699.269,"message":"navigating to \"http://localhost:4173/\", waiting until \"load\""}
{"type":"screencast-frame","pageId":"page@a0693b95e73809aef1411bb4bf447adf","sha1":"page@a0693b95e73809aef1411bb4bf447adf-1786867246901.jpeg","width":1280,"height":800,"timestamp":3068.66,"frameSwapWallTime":1786867246895.8098}
{"type":"after","callId":"call@9","endTime":3214.502,"result":{"response":"<Response>"},"afterSnapshot":"after@call@9"}
{"type":"frame-snapshot","snapshot":{"callId":"call@9","snapshotName":"after@call@9","pageId":"page@a0693b95e73809aef1411bb4bf447adf","frameId":"frame@2e1203a2065733731cf888fd13f896ac","frameUrl":"http://localhost:4173/","doctype":"html","html":["HTML",{"lang":"pt-BR"},["HEAD",{},["BASE",{"href":"http://localhost:4173/"}],"\n    ",["META",{"charset":"utf-8"}],"\n    ",["META",{"name":"viewport","content":"width=device-width, initial-scale=1.0"}],"\n    ",["TITLE",{},"Sobrevivência da Tabuada"],"\n    ",["META",{"name":"description","content":"POC 3D de sobrevivência educacional: resolva a tabuada do 2 para coletar recursos, construir e sobreviver à noite."}],"\n    ","\n    ",["LINK",{"rel":"modulepreload","crossorigin":"","href":"./assets/rapier-BTGFHtNQ.js"}],"\n    ",["LINK",{"rel":"modulepreload","crossorigin":"","href":"./assets/resources-mycm5O5L.js"}],"\n    ",["LINK",{"rel":"stylesheet","crossorigin":"","href":"./assets/index-DgxzPjDu.css"}],"\n  ",["LINK",{"rel":"modulepreload","as":"script","crossorigin":"","href":"http://localhost:4173/assets/GameCanvas-DCncwzi3.js"}],["LINK",{"rel":"stylesheet","crossorigin":"","href":"http://localhost:4173/assets/GameCanvas-DJPXOjM-.css"}]],"\n  ",["BODY",{},"\n    ",["DIV",{"id":"root"},["DIV",{"class":"loading","role":"status"},["DIV",{"class":"loading__sun","aria-hidden":"true"}],["P",{"class":"loading__title"},"Sobrevivência da Tabuada"],["P",{"class":"loading__text"},"Preparando a ilha…"]],["DIV",{"class":"hud"},["DIV",{"class":"hud__panel hud__panel--inventory"},["SPAN",{"class":"hud__phase hud__phase--dia"},["STRONG",{},"Dia"],["SMALL",{},"dia ","1"],["EM",{},"0","s"]],["SPAN",{"class":"hud__health","role":"meter","aria-label":"Vida","aria-valuenow":"100","aria-valuemin":"0","aria-valuemax":"100"},["I",{"style":"width: 100%;"}]],["SPAN",{"class":"hud__resource"},["I",{"class":"hud__dot hud__dot--madeira","aria-hidden":"true"}],"madeira"," ",["STRONG",{},"0"]],["SPAN",{"class":"hud__resource"},["I",{"class":"hud__dot hud__dot--fruta","aria-hidden":"true"}],"frutas"," ",["STRONG",{},"0"]],["SPAN",{"class":"hud__resource"},["I",{"class":"hud__dot hud__dot--pedra","aria-hidden":"true"}],"pedras"," ",["STRONG",{},"0"]]],["DIV",{"class":"hud__panel hud__panel--controls"},["STRONG",{},"Controles"],["SPAN",{},"WASD — andar"],["SPAN",{},"← → ou arrastar o mouse — girar a câmera"],["SPAN",{},"E — resolver e colher · 1 2 3 — responder"],["SPAN",{},"B — fogueira · C — cerca"],["SPAN",{},"Espaço — construir · Esc — cancelar"]],["DIV",{"class":"hud__bottom "},["DIV",{"class":"hud__recipes"},["SPAN",{"class":"hud__recipe  "},["STRONG",{},"Fogueira"]," ","8 madeira · 4 pedra"],["SPAN",{"class":"hud__recipe  "},["STRONG",{},"Cerca"]," ","6 madeira"]]]]],"\n  \n\n"]],"viewport":{"width":1280,"height":800},"timestamp":3272.275,"wallTime":1786867247105,"collectionTime":29.600000001490116,"resourceOverrides":[],"isMainFrame":true}}
{"type":"before","callId":"call@11","startTime":3289.698,"title":"Expect \"toBeVisible\"","class":"Frame","method":"expect","params":{"selector":"canvas","expression":"to.be.visible","expectedValue":{"value":{"v":"undefined"},"handles":[]},"isNot":false,"timeout":60000},"stepId":"expect@37","pageId":"page@a0693b95e73809aef1411bb4bf447adf","beforeSnapshot":"before@call@11"}
{"type":"frame-snapshot","snapshot":{"callId":"call@11","snapshotName":"before@call@11","pageId":"page@a0693b95e73809aef1411bb4bf447adf","frameId":"frame@2e1203a2065733731cf888fd13f896ac","frameUrl":"http://localhost:4173/","doctype":"html","html":[[1,88]],"viewport":{"width":1280,"height":800},"timestamp":3293.106,"wallTime":1786867247126,"collectionTime":0.6999999992549419,"resourceOverrides":[],"isMainFrame":true}}
{"type":"log","callId":"call@11","time":3294.687,"message":"Expect \"toBeVisible\" with timeout 60000ms"}
{"type":"log","callId":"call@11","time":3294.735,"message":"waiting for locator('canvas')"}
{"type":"screencast-frame","pageId":"page@a0693b95e73809aef1411bb4bf447adf","sha1":"page@a0693b95e73809aef1411bb4bf447adf-1786867247146.jpeg","width":1280,"height":800,"timestamp":3313.985,"frameSwapWallTime":1786867247137.978}
{"type":"screencast-frame","pageId":"page@a0693b95e73809aef1411bb4bf447adf","sha1":"page@a0693b95e73809aef1411bb4bf447adf-1786867247156.jpeg","width":1280,"height":800,"timestamp":3323.93,"frameSwapWallTime":1786867247150.823}
{"type":"screencast-frame","pageId":"page@a0693b95e73809aef1411bb4bf447adf","sha1":"page@a0693b95e73809aef1411bb4bf447adf-1786867247172.jpeg","width":1280,"height":800,"timestamp":3340.353,"frameSwapWallTime":1786867247167.793}
{"type":"screencast-frame","pageId":"page@a0693b95e73809aef1411bb4bf447adf","sha1":"page@a0693b95e73809aef1411bb4bf447adf-1786867247186.jpeg","width":1280,"height":800,"timestamp":3353.992,"frameSwapWallTime":1786867247181.714}
{"type":"screencast-frame","pageId":"page@a0693b95e73809aef1411bb4bf447adf","sha1":"page@a0693b95e73809aef1411bb4bf447adf-1786867247201.jpeg","width":1280,"height":800,"timestamp":3368.853,"frameSwapWallTime":1786867247196.055}
{"type":"screencast-frame","pageId":"page@a0693b95e73809aef1411bb4bf447adf","sha1":"page@a0693b95e73809aef1411bb4bf447adf-1786867247219.jpeg","width":1280,"height":800,"timestamp":3386.957,"frameSwapWallTime":1786867247214.793}
{"type":"screencast-frame","pageId":"page@a0693b95e73809aef1411bb4bf447adf","sha1":"page@a0693b95e73809aef1411bb4bf447adf-1786867247234.jpeg","width":1280,"height":800,"timestamp":3401.66,"frameSwapWallTime":1786867247229.5288}
{"type":"screencast-frame","pageId":"page@a0693b95e73809aef1411bb4bf447adf","sha1":"page@a0693b95e73809aef1411bb4bf447adf-1786867247251.jpeg","width":1280,"height":800,"timestamp":3419.278,"frameSwapWallTime":1786867247247.4402}
{"type":"screencast-frame","pageId":"page@a0693b95e73809aef1411bb4bf447adf","sha1":"page@a0693b95e73809aef1411bb4bf447adf-1786867247268.jpeg","width":1280,"height":800,"timestamp":3435.872,"frameSwapWallTime":1786867247261.873}
{"type":"screencast-frame","pageId":"page@a0693b95e73809aef1411bb4bf447adf","sha1":"page@a0693b95e73809aef1411bb4bf447adf-1786867247285.jpeg","width":1280,"height":800,"timestamp":3452.703,"frameSwapWallTime":1786867247279.9028}
{"type":"screencast-frame","pageId":"page@a0693b95e73809aef1411bb4bf447adf","sha1":"page@a0693b95e73809aef1411bb4bf447adf-1786867247300.jpeg","width":1280,"height":800,"timestamp":3467.722,"frameSwapWallTime":1786867247295.45}
{"type":"screencast-frame","pageId":"page@a0693b95e73809aef1411bb4bf447adf","sha1":"page@a0693b95e73809aef1411bb4bf447adf-1786867247319.jpeg","width":1280,"height":800,"timestamp":3486.748,"frameSwapWallTime":1786867247313.8572}
{"type":"screencast-frame","pageId":"page@a0693b95e73809aef1411bb4bf447adf","sha1":"page@a0693b95e73809aef1411bb4bf447adf-1786867247332.jpeg","width":1280,"height":800,"timestamp":3499.809,"frameSwapWallTime":1786867247327.549}
{"type":"screencast-frame","pageId":"page@a0693b95e73809aef1411bb4bf447adf","sha1":"page@a0693b95e73809aef1411bb4bf447adf-1786867247350.jpeg","width":1280,"height":800,"timestamp":3518.211,"frameSwapWallTime":1786867247346.502}
{"type":"screencast-frame","pageId":"page@a0693b95e73809aef1411bb4bf447adf","sha1":"page@a0693b95e73809aef1411bb4bf447adf-1786867247368.jpeg","width":1280,"height":800,"timestamp":3535.673,"frameSwapWallTime":1786867247360.09}
{"type":"screencast-frame","pageId":"page@a0693b95e73809aef1411bb4bf447adf","sha1":"page@a0693b95e73809aef1411bb4bf447adf-1786867247382.jpeg","width":1280,"height":800,"timestamp":3550.549,"frameSwapWallTime":1786867247377.9531}
{"type":"screencast-frame","pageId":"page@a0693b95e73809aef1411bb4bf447adf","sha1":"page@a0693b95e73809aef1411bb4bf447adf-1786867247398.jpeg","width":1280,"height":800,"timestamp":3566.024,"frameSwapWallTime":1786867247394.34}
{"type":"console","messageType":"warning","text":"THREE.Clock: This module has been deprecated. Please use THREE.Timer instead.","args":[{"preview":"THREE.Clock: This module has been deprecated. Please use THREE.Timer instead.","value":"THREE.Clock: This module has been deprecated. Please use THREE.Timer instead."}],"location":{"url":"http://localhost:4173/assets/resources-mycm5O5L.js","lineNumber":8,"columnNumber":44839},"time":3607.809,"pageId":"page@a0693b95e73809aef1411bb4bf447adf"}
{"type":"console","messageType":"warning","text":"[.WebGL-0xd54001bb400]GL Driver Message (OpenGL, Performance, GL_CLOSE_PATH_NV, High): GPU stall due to ReadPixels","args":[],"location":{"url":"http://localhost:4173/","lineNumber":0,"columnNumber":0},"time":3669.629,"pageId":"page@a0693b95e73809aef1411bb4bf447adf"}
{"type":"log","callId":"call@11","time":3671.845,"message":"  locator resolved to <canvas width=\"1280\" height=\"800\" data-engine=\"three.js r185\"></canvas>"}
{"type":"after","callId":"call@11","endTime":3671.919,"afterSnapshot":"after@call@11"}
{"type":"screencast-frame","pageId":"page@a0693b95e73809aef1411bb4bf447adf","sha1":"page@a0693b95e73809aef1411bb4bf447adf-1786867247518.jpeg","width":1280,"height":800,"timestamp":3685.758,"frameSwapWallTime":1786867247513.387}
{"type":"console","messageType":"warning","text":"using deprecated parameters for the initialization function; pass a single object instead","args":[{"preview":"using deprecated parameters for the initialization function; pass a single object instead","value":"using deprecated parameters for the initialization function; pass a single object instead"}],"location":{"url":"http://localhost:4173/assets/rapier-BTGFHtNQ.js","lineNumber":0,"columnNumber":73052},"time":3751.592,"pageId":"page@a0693b95e73809aef1411bb4bf447adf"}
{"type":"frame-snapshot","snapshot":{"callId":"call@11","snapshotName":"after@call@11","pageId":"page@a0693b95e73809aef1411bb4bf447adf","frameId":"frame@2e1203a2065733731cf888fd13f896ac","frameUrl":"http://localhost:4173/","doctype":"html","html":["HTML",{"lang":"pt-BR"},[[2,20]],[[2,21]],["BODY",{},[[2,22]],["DIV",{"id":"root"},["DIV",{"style":"position: relative; width: 100%; height: 100%; overflow: hidden; pointer-events: auto; display: none !important;"},["DIV",{"style":"width: 100%; height: 100%;"},["CANVAS",{"__playwright_bounding_rect__":"{\"left\":0,\"top\":0,\"right\":0,\"bottom\":0}","__playwright_target__":"","data-engine":"three.js r185","width":"1280","height":"800","style":"display: block; width: 1280px; height: 800px;"}]]],["DIV",{"class":"loading","role":"status"},["DIV",{"class":"loading__sun","aria-hidden":"true"}],["P",{"class":"loading__title"},"Sobrevivência da Tabuada"],["P",{"class":"loading__text"},"Preparando a ilha…"]],[[2,84]]],[[2,86]]]],"viewport":{"width":1280,"height":800},"timestamp":3757.103,"wallTime":1786867247590,"collectionTime":1.400000000372529,"resourceOverrides":[],"isMainFrame":true}}
{"type":"before","callId":"call@13","startTime":3761.615,"title":"Expect \"toHaveCount\"","class":"Frame","method":"expect","params":{"selector":".loading","expression":"to.have.count","expectedNumber":0,"expectedValue":{"value":{"v":"undefined"},"handles":[]},"isNot":false,"timeout":60000},"stepId":"expect@38","pageId":"page@a0693b95e73809aef1411bb4bf447adf","beforeSnapshot":"before@call@13"}
{"type":"frame-snapshot","snapshot":{"callId":"call@13","snapshotName":"before@call@13","pageId":"page@a0693b95e73809aef1411bb4bf447adf","frameId":"frame@2e1203a2065733731cf888fd13f896ac","frameUrl":"http://localhost:4173/","doctype":"html","html":["HTML",{"lang":"pt-BR"},[[3,20]],[[3,21]],["BODY",{},[[3,22]],["DIV",{"id":"root"},["DIV",{"style":"position: relative; width: 100%; height: 100%; overflow: hidden; pointer-events: auto; display: none !important;"},["DIV",{"style":"width: 100%; height: 100%;"},["CANVAS",{"__playwright_bounding_rect__":"{\"left\":0,\"top\":0,\"right\":0,\"bottom\":0}","data-engine":"three.js r185","width":"1280","height":"800","style":"display: block; width: 1280px; height: 800px;"}]]],[[1,8]],[[3,84]]],[[3,86]]]],"viewport":{"width":1280,"height":800},"timestamp":3765.921,"wallTime":1786867247599,"collectionTime":0.40000000037252903,"resourceOverrides":[],"isMainFrame":true}}
{"type":"log","callId":"call@13","time":3766.411,"message":"Expect \"toHaveCount\" with timeout 60000ms"}
{"type":"log","callId":"call@13","time":3766.43,"message":"waiting for locator('.loading')"}
{"type":"log","callId":"call@13","time":3777.911,"message":"  locator resolved to 1 element"}
{"type":"log","callId":"call@13","time":3777.94,"message":"  unexpected value \"1\""}
{"type":"screencast-frame","pageId":"page@a0693b95e73809aef1411bb4bf447adf","sha1":"page@a0693b95e73809aef1411bb4bf447adf-1786867247620.jpeg","width":1280,"height":800,"timestamp":3788.135,"frameSwapWallTime":1786867247614.808}
{"type":"screencast-frame","pageId":"page@a0693b95e73809aef1411bb4bf447adf","sha1":"page@a0693b95e73809aef1411bb4bf447adf-1786867247634.jpeg","width":1280,"height":800,"timestamp":3801.921,"frameSwapWallTime":1786867247628.758}
{"type":"log","callId":"call@13","time":3802.902,"message":"  locator resolved to 1 element"}
{"type":"log","callId":"call@13","time":3802.936,"message":"  unexpected value \"1\""}
{"type":"screencast-frame","pageId":"page@a0693b95e73809aef1411bb4bf447adf","sha1":"page@a0693b95e73809aef1411bb4bf447adf-1786867247653.jpeg","width":1280,"height":800,"timestamp":3821.401,"frameSwapWallTime":1786867247648.293}
{"type":"screencast-frame","pageId":"page@a0693b95e73809aef1411bb4bf447adf","sha1":"page@a0693b95e73809aef1411bb4bf447adf-1786867247666.jpeg","width":1280,"height":800,"timestamp":3834.144,"frameSwapWallTime":1786867247663.458}
{"type":"screencast-frame","pageId":"page@a0693b95e73809aef1411bb4bf447adf","sha1":"page@a0693b95e73809aef1411bb4bf447adf-1786867247688.jpeg","width":1280,"height":800,"timestamp":3856.255,"frameSwapWallTime":1786867247682.642}
{"type":"log","callId":"call@13","time":3858.082,"message":"  locator resolved to 1 element"}
{"type":"log","callId":"call@13","time":3858.105,"message":"  unexpected value \"1\""}
{"type":"screencast-frame","pageId":"page@a0693b95e73809aef1411bb4bf447adf","sha1":"page@a0693b95e73809aef1411bb4bf447adf-1786867247702.jpeg","width":1280,"height":800,"timestamp":3870.334,"frameSwapWallTime":1786867247699.6191}
{"type":"screencast-frame","pageId":"page@a0693b95e73809aef1411bb4bf447adf","sha1":"page@a0693b95e73809aef1411bb4bf447adf-1786867247717.jpeg","width":1280,"height":800,"timestamp":3885.247,"frameSwapWallTime":1786867247714.583}
{"type":"screencast-frame","pageId":"page@a0693b95e73809aef1411bb4bf447adf","sha1":"page@a0693b95e73809aef1411bb4bf447adf-1786867247734.jpeg","width":1280,"height":800,"timestamp":3901.887,"frameSwapWallTime":1786867247729.63}
{"type":"screencast-frame","pageId":"page@a0693b95e73809aef1411bb4bf447adf","sha1":"page@a0693b95e73809aef1411bb4bf447adf-1786867247753.jpeg","width":1280,"height":800,"timestamp":3920.996,"frameSwapWallTime":1786867247748.841}
{"type":"screencast-frame","pageId":"page@a0693b95e73809aef1411bb4bf447adf","sha1":"page@a0693b95e73809aef1411bb4bf447adf-1786867247769.jpeg","width":1280,"height":800,"timestamp":3937.042,"frameSwapWallTime":1786867247765.282}
{"type":"screencast-frame","pageId":"page@a0693b95e73809aef1411bb4bf447adf","sha1":"page@a0693b95e73809aef1411bb4bf447adf-1786867247783.jpeg","width":1280,"height":800,"timestamp":3951.342,"frameSwapWallTime":1786867247779.352}
{"type":"screencast-frame","pageId":"page@a0693b95e73809aef1411bb4bf447adf","sha1":"page@a0693b95e73809aef1411bb4bf447adf-1786867247799.jpeg","width":1280,"height":800,"timestamp":3967.438,"frameSwapWallTime":1786867247794.625}
{"type":"log","callId":"call@13","time":3970.434,"message":"  locator resolved to 1 element"}
{"type":"log","callId":"call@13","time":3970.461,"message":"  unexpected value \"1\""}
{"type":"screencast-frame","pageId":"page@a0693b95e73809aef1411bb4bf447adf","sha1":"page@a0693b95e73809aef1411bb4bf447adf-1786867247817.jpeg","width":1280,"height":800,"timestamp":3985.182,"frameSwapWallTime":1786867247813.771}
{"type":"screencast-frame","pageId":"page@a0693b95e73809aef1411bb4bf447adf","sha1":"page@a0693b95e73809aef1411bb4bf447adf-1786867247840.jpeg","width":1280,"height":800,"timestamp":4008.242,"frameSwapWallTime":1786867247835.8801}
{"type":"screencast-frame","pageId":"page@a0693b95e73809aef1411bb4bf447adf","sha1":"page@a0693b95e73809aef1411bb4bf447adf-1786867247856.jpeg","width":1280,"height":800,"timestamp":4024.531,"frameSwapWallTime":1786867247851.5261}
{"type":"screencast-frame","pageId":"page@a0693b95e73809aef1411bb4bf447adf","sha1":"page@a0693b95e73809aef1411bb4bf447adf-1786867247876.jpeg","width":1280,"height":800,"timestamp":4043.811,"frameSwapWallTime":1786867247872.7878}
{"type":"console","messageType":"warning","text":"THREE.WebGLShadowMap: PCFSoftShadowMap has been deprecated. Using PCFShadowMap instead.","args":[{"preview":"THREE.WebGLShadowMap: PCFSoftShadowMap has been deprecated. Using PCFShadowMap instead.","value":"THREE.WebGLShadowMap: PCFSoftShadowMap has been deprecated. Using PCFShadowMap instead."}],"location":{"url":"http://localhost:4173/assets/resources-mycm5O5L.js","lineNumber":8,"columnNumber":44839},"time":4050.547,"pageId":"page@a0693b95e73809aef1411bb4bf447adf"}
{"type":"screencast-frame","pageId":"page@a0693b95e73809aef1411bb4bf447adf","sha1":"page@a0693b95e73809aef1411bb4bf447adf-1786867247907.jpeg","width":1280,"height":800,"timestamp":4074.944,"frameSwapWallTime":1786867247902.3372}
{"type":"screencast-frame","pageId":"page@a0693b95e73809aef1411bb4bf447adf","sha1":"page@a0693b95e73809aef1411bb4bf447adf-1786867247923.jpeg","width":1280,"height":800,"timestamp":4090.601,"frameSwapWallTime":1786867247918.8918}
{"type":"screencast-frame","pageId":"page@a0693b95e73809aef1411bb4bf447adf","sha1":"page@a0693b95e73809aef1411bb4bf447adf-1786867247944.jpeg","width":1280,"height":800,"timestamp":4112.28,"frameSwapWallTime":1786867247941.436}
{"type":"screencast-frame","pageId":"page@a0693b95e73809aef1411bb4bf447adf","sha1":"page@a0693b95e73809aef1411bb4bf447adf-1786867247963.jpeg","width":1280,"height":800,"timestamp":4131.441,"frameSwapWallTime":1786867247959.149}
{"type":"screencast-frame","pageId":"page@a0693b95e73809aef1411bb4bf447adf","sha1":"page@a0693b95e73809aef1411bb4bf447adf-1786867247982.jpeg","width":1280,"height":800,"timestamp":4150.339,"frameSwapWallTime":1786867247978.0012}
{"type":"screencast-frame","pageId":"page@a0693b95e73809aef1411bb4bf447adf","sha1":"page@a0693b95e73809aef1411bb4bf447adf-1786867247998.jpeg","width":1280,"height":800,"timestamp":4165.814,"frameSwapWallTime":1786867247993.587}
{"type":"screencast-frame","pageId":"page@a0693b95e73809aef1411bb4bf447adf","sha1":"page@a0693b95e73809aef1411bb4bf447adf-1786867248011.jpeg","width":1280,"height":800,"timestamp":4179.067,"frameSwapWallTime":1786867248008.481}
{"type":"screencast-frame","pageId":"page@a0693b95e73809aef1411bb4bf447adf","sha1":"page@a0693b95e73809aef1411bb4bf447adf-1786867248031.jpeg","width":1280,"height":800,"timestamp":4198.872,"frameSwapWallTime":1786867248026.6672}
{"type":"screencast-frame","pageId":"page@a0693b95e73809aef1411bb4bf447adf","sha1":"page@a0693b95e73809aef1411bb4bf447adf-1786867248048.jpeg","width":1280,"height":800,"timestamp":4216.239,"frameSwapWallTime":1786867248044.048}
{"type":"screencast-frame","pageId":"page@a0693b95e73809aef1411bb4bf447adf","sha1":"page@a0693b95e73809aef1411bb4bf447adf-1786867248065.jpeg","width":1280,"height":800,"timestamp":4233.541,"frameSwapWallTime":1786867248062.0078}
{"type":"screencast-frame","pageId":"page@a0693b95e73809aef1411bb4bf447adf","sha1":"page@a0693b95e73809aef1411bb4bf447adf-1786867248085.jpeg","width":1280,"height":800,"timestamp":4252.6,"frameSwapWallTime":1786867248079.99}
{"type":"screencast-frame","pageId":"page@a0693b95e73809aef1411bb4bf447adf","sha1":"page@a0693b95e73809aef1411bb4bf447adf-1786867248102.jpeg","width":1280,"height":800,"timestamp":4270.267,"frameSwapWallTime":1786867248097.441}
{"type":"screencast-frame","pageId":"page@a0693b95e73809aef1411bb4bf447adf","sha1":"page@a0693b95e73809aef1411bb4bf447adf-1786867248332.jpeg","width":1280,"height":800,"timestamp":4500.048,"frameSwapWallTime":1786867248325.6782}
{"type":"log","callId":"call@13","time":4514.763,"message":"  locator resolved to 0 elements"}
{"type":"after","callId":"call@13","endTime":4514.856,"afterSnapshot":"after@call@13"}
{"type":"console","messageType":"warning","text":"[.WebGL-0xd54001bb400]GL Driver Message (OpenGL, Performance, GL_CLOSE_PATH_NV, High): GPU stall due to ReadPixels","args":[],"location":{"url":"http://localhost:4173/","lineNumber":0,"columnNumber":0},"time":4515.862,"pageId":"page@a0693b95e73809aef1411bb4bf447adf"}
{"type":"screencast-frame","pageId":"page@a0693b95e73809aef1411bb4bf447adf","sha1":"page@a0693b95e73809aef1411bb4bf447adf-1786867248364.jpeg","width":1280,"height":800,"timestamp":4532.094,"frameSwapWallTime":1786867248359.9192}
{"type":"screencast-frame","pageId":"page@a0693b95e73809aef1411bb4bf447adf","sha1":"page@a0693b95e73809aef1411bb4bf447adf-1786867248390.jpeg","width":1280,"height":800,"timestamp":4558.1,"frameSwapWallTime":1786867248385.8682}
{"type":"frame-snapshot","snapshot":{"callId":"call@13","snapshotName":"after@call@13","pageId":"page@a0693b95e73809aef1411bb4bf447adf","frameId":"frame@2e1203a2065733731cf888fd13f896ac","frameUrl":"http://localhost:4173/","doctype":"html","html":["HTML",{"lang":"pt-BR"},[[4,20]],[[4,21]],["BODY",{},[[4,22]],["DIV",{"id":"root"},["DIV",{"style":"position: relative; width: 100%; height: 100%; overflow: hidden; pointer-events: auto;"},["DIV",{"style":"width: 100%; height: 100%;"},["CANVAS",{"__playwright_bounding_rect__":"{\"left\":0,\"top\":0,\"right\":1280,\"bottom\":800}","data-engine":"three.js r185","width":"1280","height":"800","style":"display: block; width: 1280px; height: 800px;"}]]],[[4,84]]],[[4,86]]]],"viewport":{"width":1280,"height":800},"timestamp":4666.501,"wallTime":1786867248499,"collectionTime":0.40000000037252903,"resourceOverrides":[],"isMainFrame":true}}
{"type":"console","messageType":"warning","text":"[.WebGL-0xd54001bb400]GL Driver Message (OpenGL, Performance, GL_CLOSE_PATH_NV, High): GPU stall due to ReadPixels","args":[],"location":{"url":"http://localhost:4173/","lineNumber":0,"columnNumber":0},"time":4666.837,"pageId":"page@a0693b95e73809aef1411bb4bf447adf"}
{"type":"before","callId":"call@15","startTime":4669.125,"class":"Frame","method":"waitForFunction","params":{"expression":"() => {\n    const ponte = window.__tabuada;\n    if (!ponte) return false;\n    const assentado = ponte.transform.y > 0.5 && ponte.transform.y < 1.5;\n    return ponte.store.getState().nodes.length > 0 && assentado;\n  }","isFunction":true,"arg":{"value":{"v":"null"},"handles":[]},"timeout":60000},"stepId":"pw:api@39","pageId":"page@a0693b95e73809aef1411bb4bf447adf","beforeSnapshot":"before@call@15"}
{"type":"console","messageType":"warning","text":"THREE.WebGLShadowMap: PCFSoftShadowMap has been deprecated. Using PCFShadowMap instead.","args":[{"preview":"THREE.WebGLShadowMap: PCFSoftShadowMap has been deprecated. Using PCFShadowMap instead.","value":"THREE.WebGLShadowMap: PCFSoftShadowMap has been deprecated. Using PCFShadowMap instead."}],"location":{"url":"http://localhost:4173/assets/resources-mycm5O5L.js","lineNumber":8,"columnNumber":44839},"time":4670.049,"pageId":"page@a0693b95e73809aef1411bb4bf447adf"}
{"type":"screencast-frame","pageId":"page@a0693b95e73809aef1411bb4bf447adf","sha1":"page@a0693b95e73809aef1411bb4bf447adf-1786867248560.jpeg","width":1280,"height":800,"timestamp":4727.908,"frameSwapWallTime":1786867248520.2078}
{"type":"frame-snapshot","snapshot":{"callId":"call@15","snapshotName":"before@call@15","pageId":"page@a0693b95e73809aef1411bb4bf447adf","frameId":"frame@2e1203a2065733731cf888fd13f896ac","frameUrl":"http://localhost:4173/","doctype":"html","html":[[1,5]],"viewport":{"width":1280,"height":800},"timestamp":4750.746,"wallTime":1786867248584,"collectionTime":0.40000000037252903,"resourceOverrides":[],"isMainFrame":true}}
{"type":"console","messageType":"warning","text":"[.WebGL-0xd54001bb400]GL Driver Message (OpenGL, Performance, GL_CLOSE_PATH_NV, High): GPU stall due to ReadPixels (this message will no longer repeat)","args":[],"location":{"url":"http://localhost:4173/","lineNumber":0,"columnNumber":0},"time":4754.556,"pageId":"page@a0693b95e73809aef1411bb4bf447adf"}
{"type":"screencast-frame","pageId":"page@a0693b95e73809aef1411bb4bf447adf","sha1":"page@a0693b95e73809aef1411bb4bf447adf-1786867248615.jpeg","width":1280,"height":800,"timestamp":4783.557,"frameSwapWallTime":1786867248603.931}
{"type":"screencast-frame","pageId":"page@a0693b95e73809aef1411bb4bf447adf","sha1":"page@a0693b95e73809aef1411bb4bf447adf-1786867248730.jpeg","width":1280,"height":800,"timestamp":4897.982,"frameSwapWallTime":1786867248682.2961}
{"type":"screencast-frame","pageId":"page@a0693b95e73809aef1411bb4bf447adf","sha1":"page@a0693b95e73809aef1411bb4bf447adf-1786867248791.jpeg","width":1280,"height":800,"timestamp":4959.036,"frameSwapWallTime":1786867248779.562}
{"type":"screencast-frame","pageId":"page@a0693b95e73809aef1411bb4bf447adf","sha1":"page@a0693b95e73809aef1411bb4bf447adf-1786867248866.jpeg","width":1280,"height":800,"timestamp":5034.291,"frameSwapWallTime":1786867248853.612}
{"type":"after","callId":"call@15","endTime":5071.225,"result":{"handle":"<JSHandle>"},"afterSnapshot":"after@call@15"}
{"type":"screencast-frame","pageId":"page@a0693b95e73809aef1411bb4bf447adf","sha1":"page@a0693b95e73809aef1411bb4bf447adf-1786867248935.jpeg","width":1280,"height":800,"timestamp":5103.488,"frameSwapWallTime":1786867248920.6592}
{"type":"frame-snapshot","snapshot":{"callId":"call@15","snapshotName":"after@call@15","pageId":"page@a0693b95e73809aef1411bb4bf447adf","frameId":"frame@2e1203a2065733731cf888fd13f896ac","frameUrl":"http://localhost:4173/","doctype":"html","html":["HTML",{"lang":"pt-BR"},[[6,20]],[[6,21]],["BODY",{},[[6,22]],["DIV",{"id":"root"},[[2,2]],["DIV",{"class":"hud"},["DIV",{"class":"hud__panel hud__panel--inventory"},["SPAN",{"class":"hud__phase hud__phase--dia"},[[6,30]],[[6,33]],["EM",{},"90",[[6,35]]]],[[6,39]],[[6,45]],[[6,51]],[[6,57]]],[[6,71]],[[6,83]]]],[[6,86]]]],"viewport":{"width":1280,"height":800},"timestamp":5148.726,"wallTime":1786867248982,"collectionTime":0.599999999627471,"resourceOverrides":[],"isMainFrame":true}}
{"type":"before","callId":"call@17","startTime":5150.969,"class":"Frame","method":"waitForTimeout","params":{"waitTimeout":400},"stepId":"pw:api@40","pageId":"page@a0693b95e73809aef1411bb4bf447adf","beforeSnapshot":"before@call@17"}
{"type":"screencast-frame","pageId":"page@a0693b95e73809aef1411bb4bf447adf","sha1":"page@a0693b95e73809aef1411bb4bf447adf-1786867249010.jpeg","width":1280,"height":800,"timestamp":5178.227,"frameSwapWallTime":1786867249001.937}
{"type":"frame-snapshot","snapshot":{"callId":"call@17","snapshotName":"before@call@17","pageId":"page@a0693b95e73809aef1411bb4bf447adf","frameId":"frame@2e1203a2065733731cf888fd13f896ac","frameUrl":"http://localhost:4173/","doctype":"html","html":[[1,7]],"viewport":{"width":1280,"height":800},"timestamp":5227.632,"wallTime":1786867249061,"collectionTime":0.2999999988824129,"resourceOverrides":[],"isMainFrame":true}}
{"type":"screencast-frame","pageId":"page@a0693b95e73809aef1411bb4bf447adf","sha1":"page@a0693b95e73809aef1411bb4bf447adf-1786867249081.jpeg","width":1280,"height":800,"timestamp":5249.412,"frameSwapWallTime":1786867249076.603}
{"type":"screencast-frame","pageId":"page@a0693b95e73809aef1411bb4bf447adf","sha1":"page@a0693b95e73809aef1411bb4bf447adf-1786867249159.jpeg","width":1280,"height":800,"timestamp":5327.257,"frameSwapWallTime":1786867249151.99}
{"type":"screencast-frame","pageId":"page@a0693b95e73809aef1411bb4bf447adf","sha1":"page@a0693b95e73809aef1411bb4bf447adf-1786867249237.jpeg","width":1280,"height":800,"timestamp":5405.278,"frameSwapWallTime":1786867249225.3909}
{"type":"screencast-frame","pageId":"page@a0693b95e73809aef1411bb4bf447adf","sha1":"page@a0693b95e73809aef1411bb4bf447adf-1786867249318.jpeg","width":1280,"height":800,"timestamp":5485.821,"frameSwapWallTime":1786867249309.3691}
{"type":"screencast-frame","pageId":"page@a0693b95e73809aef1411bb4bf447adf","sha1":"page@a0693b95e73809aef1411bb4bf447adf-1786867249392.jpeg","width":1280,"height":800,"timestamp":5560.005,"frameSwapWallTime":1786867249382.721}
{"type":"screencast-frame","pageId":"page@a0693b95e73809aef1411bb4bf447adf","sha1":"page@a0693b95e73809aef1411bb4bf447adf-1786867249465.jpeg","width":1280,"height":800,"timestamp":5633.382,"frameSwapWallTime":1786867249454.967}
{"type":"after","callId":"call@17","endTime":5633.707,"afterSnapshot":"after@call@17"}
{"type":"frame-snapshot","snapshot":{"callId":"call@17","snapshotName":"after@call@17","pageId":"page@a0693b95e73809aef1411bb4bf447adf","frameId":"frame@2e1203a2065733731cf888fd13f896ac","frameUrl":"http://localhost:4173/","doctype":"html","html":[[2,7]],"viewport":{"width":1280,"height":800},"timestamp":5673.813,"wallTime":1786867249507,"collectionTime":0.5,"resourceOverrides":[],"isMainFrame":true}}
{"type":"before","callId":"call@19","startTime":5676.528,"title":"Expect \"toBeVisible\"","class":"Frame","method":"expect","params":{"selector":"canvas","expression":"to.be.visible","expectedValue":{"value":{"v":"undefined"},"handles":[]},"isNot":false,"timeout":15000},"stepId":"expect@41","pageId":"page@a0693b95e73809aef1411bb4bf447adf","beforeSnapshot":"before@call@19"}
{"type":"screencast-frame","pageId":"page@a0693b95e73809aef1411bb4bf447adf","sha1":"page@a0693b95e73809aef1411bb4bf447adf-1786867249534.jpeg","width":1280,"height":800,"timestamp":5702.096,"frameSwapWallTime":1786867249523.563}
{"type":"frame-snapshot","snapshot":{"callId":"call@19","snapshotName":"before@call@19","pageId":"page@a0693b95e73809aef1411bb4bf447adf","frameId":"frame@2e1203a2065733731cf888fd13f896ac","frameUrl":"http://localhost:4173/","doctype":"html","html":[[3,7]],"viewport":{"width":1280,"height":800},"timestamp":5753.32,"wallTime":1786867249587,"collectionTime":0.599999999627471,"resourceOverrides":[],"isMainFrame":true}}
{"type":"log","callId":"call@19","time":5753.903,"message":"Expect \"toBeVisible\" with timeout 15000ms"}
{"type":"log","callId":"call@19","time":5753.929,"message":"waiting for locator('canvas')"}
{"type":"screencast-frame","pageId":"page@a0693b95e73809aef1411bb4bf447adf","sha1":"page@a0693b95e73809aef1411bb4bf447adf-1786867249608.jpeg","width":1280,"height":800,"timestamp":5775.882,"frameSwapWallTime":1786867249600.7969}
{"type":"after","callId":"call@19","endTime":5832.258,"afterSnapshot":"after@call@19"}
{"type":"screencast-frame","pageId":"page@a0693b95e73809aef1411bb4bf447adf","sha1":"page@a0693b95e73809aef1411bb4bf447adf-1786867249698.jpeg","width":1280,"height":800,"timestamp":5865.729,"frameSwapWallTime":1786867249689.952}
{"type":"frame-snapshot","snapshot":{"callId":"call@19","snapshotName":"after@call@19","pageId":"page@a0693b95e73809aef1411bb4bf447adf","frameId":"frame@2e1203a2065733731cf888fd13f896ac","frameUrl":"http://localhost:4173/","doctype":"html","html":["HTML",{"lang":"pt-BR"},[[10,20]],[[10,21]],["BODY",{},[[10,22]],["DIV",{"id":"root"},["DIV",{"style":"position: relative; width: 100%; height: 100%; overflow: hidden; pointer-events: auto;"},["DIV",{"style":"width: 100%; height: 100%;"},["CANVAS",{"__playwright_bounding_rect__":"{\"left\":0,\"top\":0,\"right\":1280,\"bottom\":800}","__playwright_target__":"","data-engine":"three.js r185","width":"1280","height":"800","style":"display: block; width: 1280px; height: 800px;"}]]],[[4,4]]],[[10,86]]]],"viewport":{"width":1280,"height":800},"timestamp":5912.174,"wallTime":1786867249746,"collectionTime":0.2999999988824129,"resourceOverrides":[],"isMainFrame":true}}
{"type":"before","callId":"call@21","startTime":5914.702,"title":"Expect \"toBeVisible\"","class":"Frame","method":"expect","params":{"selector":"internal:text=\"Controles\"i","expression":"to.be.visible","expectedValue":{"value":{"v":"undefined"},"handles":[]},"isNot":false,"timeout":15000},"stepId":"expect@42","pageId":"page@a0693b95e73809aef1411bb4bf447adf","beforeSnapshot":"before@call@21"}
{"type":"screencast-frame","pageId":"page@a0693b95e73809aef1411bb4bf447adf","sha1":"page@a0693b95e73809aef1411bb4bf447adf-1786867249773.jpeg","width":1280,"height":800,"timestamp":5940.64,"frameSwapWallTime":1786867249765.516}
{"type":"frame-snapshot","snapshot":{"callId":"call@21","snapshotName":"before@call@21","pageId":"page@a0693b95e73809aef1411bb4bf447adf","frameId":"frame@2e1203a2065733731cf888fd13f896ac","frameUrl":"http://localhost:4173/","doctype":"html","html":["HTML",{"lang":"pt-BR"},[[11,20]],[[11,21]],["BODY",{},[[11,22]],["DIV",{"id":"root"},["DIV",{"style":"position: relative; width: 100%; height: 100%; overflow: hidden; pointer-events: auto;"},["DIV",{"style":"width: 100%; height: 100%;"},["CANVAS",{"__playwright_bounding_rect__":"{\"left\":0,\"top\":0,\"right\":1280,\"bottom\":800}","data-engine":"three.js r185","width":"1280","height":"800","style":"display: block; width: 1280px; height: 800px;"}]]],[[5,4]]],[[11,86]]]],"viewport":{"width":1280,"height":800},"timestamp":5987.884,"wallTime":1786867249821,"collectionTime":1.199999999254942,"resourceOverrides":[],"isMainFrame":true}}
{"type":"log","callId":"call@21","time":5988.566,"message":"Expect \"toBeVisible\" with timeout 15000ms"}
{"type":"log","callId":"call@21","time":5988.588,"message":"waiting for getByText('Controles')"}
{"type":"screencast-frame","pageId":"page@a0693b95e73809aef1411bb4bf447adf","sha1":"page@a0693b95e73809aef1411bb4bf447adf-1786867249846.jpeg","width":1280,"height":800,"timestamp":6014.023,"frameSwapWallTime":1786867249837.678}
{"type":"after","callId":"call@21","endTime":6072.062,"afterSnapshot":"after@call@21"}
{"type":"screencast-frame","pageId":"page@a0693b95e73809aef1411bb4bf447adf","sha1":"page@a0693b95e73809aef1411bb4bf447adf-1786867249937.jpeg","width":1280,"height":800,"timestamp":6104.791,"frameSwapWallTime":1786867249926.087}
{"type":"frame-snapshot","snapshot":{"callId":"call@21","snapshotName":"after@call@21","pageId":"page@a0693b95e73809aef1411bb4bf447adf","frameId":"frame@2e1203a2065733731cf888fd13f896ac","frameUrl":"http://localhost:4173/","doctype":"html","html":["HTML",{"lang":"pt-BR"},[[12,20]],[[12,21]],["BODY",{},[[12,22]],["DIV",{"id":"root"},[[1,2]],["DIV",{"class":"hud"},["DIV",{"class":"hud__panel hud__panel--inventory"},["SPAN",{"class":"hud__phase hud__phase--dia"},[[12,30]],[[12,33]],["EM",{},"89",[[12,35]]]],[[12,39]],[[12,45]],[[12,51]],[[12,57]]],["DIV",{"class":"hud__panel hud__panel--controls"},["STRONG",{"__playwright_target__":""},[[12,59]]],[[12,62]],[[12,64]],[[12,66]],[[12,68]],[[12,70]]],[[12,83]]]],[[12,86]]]],"viewport":{"width":1280,"height":800},"timestamp":6146.605,"wallTime":1786867249980,"collectionTime":0.2999999988824129,"resourceOverrides":[],"isMainFrame":true}}
{"type":"before","callId":"call@23","startTime":6150.066,"title":"Expect \"toBeVisible\"","class":"Frame","method":"expect","params":{"selector":"internal:role=meter[name=\"Vida\"i]","expression":"to.be.visible","expectedValue":{"value":{"v":"undefined"},"handles":[]},"isNot":false,"timeout":15000},"stepId":"expect@43","pageId":"page@a0693b95e73809aef1411bb4bf447adf","beforeSnapshot":"before@call@23"}
{"type":"screencast-frame","pageId":"page@a0693b95e73809aef1411bb4bf447adf","sha1":"page@a0693b95e73809aef1411bb4bf447adf-1786867250013.jpeg","width":1280,"height":800,"timestamp":6180.738,"frameSwapWallTime":1786867249996.9622}
{"type":"frame-snapshot","snapshot":{"callId":"call@23","snapshotName":"before@call@23","pageId":"page@a0693b95e73809aef1411bb4bf447adf","frameId":"frame@2e1203a2065733731cf888fd13f896ac","frameUrl":"http://localhost:4173/","doctype":"html","html":["HTML",{"lang":"pt-BR"},[[13,20]],[[13,21]],["BODY",{},[[13,22]],["DIV",{"id":"root"},[[2,2]],["DIV",{"class":"hud"},[[1,3]],["DIV",{"class":"hud__panel hud__panel--controls"},["STRONG",{},[[13,59]]],[[13,62]],[[13,64]],[[13,66]],[[13,68]],[[13,70]]],[[13,83]]]],[[13,86]]]],"viewport":{"width":1280,"height":800},"timestamp":6224.596,"wallTime":1786867250058,"collectionTime":0.30000000074505806,"resourceOverrides":[],"isMainFrame":true}}
{"type":"log","callId":"call@23","time":6225.187,"message":"Expect \"toBeVisible\" with timeout 15000ms"}
{"type":"log","callId":"call@23","time":6225.21,"message":"waiting for getByRole('meter', { name: 'Vida' })"}
{"type":"screencast-frame","pageId":"page@a0693b95e73809aef1411bb4bf447adf","sha1":"page@a0693b95e73809aef1411bb4bf447adf-1786867250099.jpeg","width":1280,"height":800,"timestamp":6266.898,"frameSwapWallTime":1786867250074.262}
{"type":"after","callId":"call@23","endTime":6305.214,"afterSnapshot":"after@call@23"}
{"type":"screencast-frame","pageId":"page@a0693b95e73809aef1411bb4bf447adf","sha1":"page@a0693b95e73809aef1411bb4bf447adf-1786867250166.jpeg","width":1280,"height":800,"timestamp":6333.726,"frameSwapWallTime":1786867250155.524}
{"type":"frame-snapshot","snapshot":{"callId":"call@23","snapshotName":"after@call@23","pageId":"page@a0693b95e73809aef1411bb4bf447adf","frameId":"frame@2e1203a2065733731cf888fd13f896ac","frameUrl":"http://localhost:4173/","doctype":"html","html":["HTML",{"lang":"pt-BR"},[[14,20]],[[14,21]],["BODY",{},[[14,22]],["DIV",{"id":"root"},[[3,2]],["DIV",{"class":"hud"},["DIV",{"class":"hud__panel hud__panel--inventory"},[[2,2]],["SPAN",{"__playwright_target__":"","class":"hud__health","role":"meter","aria-label":"Vida","aria-valuenow":"100","aria-valuemin":"0","aria-valuemax":"100"},[[14,38]]],[[14,45]],[[14,51]],[[14,57]]],[[1,1]],[[14,83]]]],[[14,86]]]],"viewport":{"width":1280,"height":800},"timestamp":6380.753,"wallTime":1786867250214,"collectionTime":0.5,"resourceOverrides":[],"isMainFrame":true}}
{"type":"before","callId":"call@25","startTime":6383.21,"class":"Frame","method":"evaluateExpression","params":{"expression":"() => {\n    const ponte = window.__tabuada;\n    const s = ponte.store.getState();\n    return {\n      inventario: s.inventory,\n      destacado: s.highlightedNodeId,\n      desafio: s.activeChallenge ? {\n        prompt: s.activeChallenge.prompt,\n        opcoes: s.activeChallenge.options,\n        resposta: s.activeChallenge.answer,\n        proposito: s.activeChallenge.purpose\n      } : null,\n      fase: s.clock.phase,\n      vida: s.health,\n      desfecho: s.outcome,\n      construcoes: s.structures.length,\n      jogador: {\n        x: ponte.transform.x,\n        z: ponte.transform.z\n      },\n      inimigos: s.enemies.length\n    };\n  }","isFunction":true,"arg":{"value":{"v":"undefined"},"handles":[]}},"stepId":"pw:api@44","pageId":"page@a0693b95e73809aef1411bb4bf447adf","beforeSnapshot":"before@call@25"}
{"type":"screencast-frame","pageId":"page@a0693b95e73809aef1411bb4bf447adf","sha1":"page@a0693b95e73809aef1411bb4bf447adf-1786867250237.jpeg","width":1280,"height":800,"timestamp":6404.628,"frameSwapWallTime":1786867250229.257}
{"type":"frame-snapshot","snapshot":{"callId":"call@25","snapshotName":"before@call@25","pageId":"page@a0693b95e73809aef1411bb4bf447adf","frameId":"frame@2e1203a2065733731cf888fd13f896ac","frameUrl":"http://localhost:4173/","doctype":"html","html":["HTML",{"lang":"pt-BR"},[[15,20]],[[15,21]],["BODY",{},[[15,22]],["DIV",{"id":"root"},[[4,2]],["DIV",{"class":"hud"},["DIV",{"class":"hud__panel hud__panel--inventory"},[[3,2]],["SPAN",{"class":"hud__health","role":"meter","aria-label":"Vida","aria-valuenow":"100","aria-valuemin":"0","aria-valuemax":"100"},[[15,38]]],[[15,45]],[[15,51]],[[15,57]]],[[2,1]],[[15,83]]]],[[15,86]]]],"viewport":{"width":1280,"height":800},"timestamp":6460.777,"wallTime":1786867250294,"collectionTime":0.2999999988824129,"resourceOverrides":[],"isMainFrame":true}}
{"type":"screencast-frame","pageId":"page@a0693b95e73809aef1411bb4bf447adf","sha1":"page@a0693b95e73809aef1411bb4bf447adf-1786867250323.jpeg","width":1280,"height":800,"timestamp":6491.008,"frameSwapWallTime":1786867250315.259}
{"type":"after","callId":"call@25","endTime":6538.039,"result":{"value":{"o":[{"k":"inventario","v":{"o":[{"k":"madeira","v":{"n":0}},{"k":"fruta","v":{"n":0}},{"k":"pedra","v":{"n":0}}],"id":2}},{"k":"destacado","v":{"v":"null"}},{"k":"desafio","v":{"v":"null"}},{"k":"fase","v":{"s":"dia"}},{"k":"vida","v":{"n":100}},{"k":"desfecho","v":{"s":"jogando"}},{"k":"construcoes","v":{"n":0}},{"k":"jogador","v":{"o":[{"k":"x","v":{"n":0}},{"k":"z","v":{"n":0}}],"id":3}},{"k":"inimigos","v":{"n":0}}],"id":1}},"afterSnapshot":"after@call@25"}
{"type":"screencast-frame","pageId":"page@a0693b95e73809aef1411bb4bf447adf","sha1":"page@a0693b95e73809aef1411bb4bf447adf-1786867250396.jpeg","width":1280,"height":800,"timestamp":6563.681,"frameSwapWallTime":1786867250388.6362}
{"type":"frame-snapshot","snapshot":{"callId":"call@25","snapshotName":"after@call@25","pageId":"page@a0693b95e73809aef1411bb4bf447adf","frameId":"frame@2e1203a2065733731cf888fd13f896ac","frameUrl":"http://localhost:4173/","doctype":"html","html":[[1,5]],"viewport":{"width":1280,"height":800},"timestamp":6615.744,"wallTime":1786867250449,"collectionTime":0.30000000074505806,"resourceOverrides":[],"isMainFrame":true}}
{"type":"before","callId":"call@27","startTime":6621.556,"class":"Page","method":"screenshot","params":{"type":"png"},"stepId":"pw:api@48","pageId":"page@a0693b95e73809aef1411bb4bf447adf","beforeSnapshot":"before@call@27"}
{"type":"screencast-frame","pageId":"page@a0693b95e73809aef1411bb4bf447adf","sha1":"page@a0693b95e73809aef1411bb4bf447adf-1786867250480.jpeg","width":1280,"height":800,"timestamp":6648.057,"frameSwapWallTime":1786867250470.358}
{"type":"frame-snapshot","snapshot":{"callId":"call@27","snapshotName":"before@call@27","pageId":"page@a0693b95e73809aef1411bb4bf447adf","frameId":"frame@2e1203a2065733731cf888fd13f896ac","frameUrl":"http://localhost:4173/","doctype":"html","html":[[2,5]],"viewport":{"width":1280,"height":800},"timestamp":6694.091,"wallTime":1786867250528,"collectionTime":0.5,"resourceOverrides":[],"isMainFrame":true}}
{"type":"log","callId":"call@27","time":6694.733,"message":"taking page screenshot"}
{"type":"screencast-frame","pageId":"page@a0693b95e73809aef1411bb4bf447adf","sha1":"page@a0693b95e73809aef1411bb4bf447adf-1786867250560.jpeg","width":1280,"height":800,"timestamp":6728.43,"frameSwapWallTime":1786867250550.975}
{"type":"log","callId":"call@27","time":6771.949,"message":"waiting for fonts to load..."}
{"type":"screencast-frame","pageId":"page@a0693b95e73809aef1411bb4bf447adf","sha1":"page@a0693b95e73809aef1411bb4bf447adf-1786867250633.jpeg","width":1280,"height":800,"timestamp":6801.074,"frameSwapWallTime":1786867250622.018}
{"type":"log","callId":"call@27","time":6855.812,"message":"fonts loaded"}
{"type":"screencast-frame","pageId":"page@a0693b95e73809aef1411bb4bf447adf","sha1":"page@a0693b95e73809aef1411bb4bf447adf-1786867250713.jpeg","width":1280,"height":800,"timestamp":6880.958,"frameSwapWallTime":1786867250705.94}
{"type":"screencast-frame","pageId":"page@a0693b95e73809aef1411bb4bf447adf","sha1":"page@a0693b95e73809aef1411bb4bf447adf-1786867250800.jpeg","width":1280,"height":800,"timestamp":6968.314,"frameSwapWallTime":1786867250780.584}
{"type":"screencast-frame","pageId":"page@a0693b95e73809aef1411bb4bf447adf","sha1":"page@a0693b95e73809aef1411bb4bf447adf-1786867250884.jpeg","width":1280,"height":800,"timestamp":7051.634,"frameSwapWallTime":1786867250876.2769}
{"type":"screencast-frame","pageId":"page@a0693b95e73809aef1411bb4bf447adf","sha1":"page@a0693b95e73809aef1411bb4bf447adf-1786867250976.jpeg","width":1280,"height":800,"timestamp":7144.357,"frameSwapWallTime":1786867250931.539}
{"type":"after","callId":"call@27","endTime":7150.865,"result":{"binary":"<Buffer>"},"afterSnapshot":"after@call@27"}
{"type":"screencast-frame","pageId":"page@a0693b95e73809aef1411bb4bf447adf","sha1":"page@a0693b95e73809aef1411bb4bf447adf-1786867251015.jpeg","width":1280,"height":800,"timestamp":7182.652,"frameSwapWallTime":1786867251006.928}
{"type":"frame-snapshot","snapshot":{"callId":"call@27","snapshotName":"after@call@27","pageId":"page@a0693b95e73809aef1411bb4bf447adf","frameId":"frame@2e1203a2065733731cf888fd13f896ac","frameUrl":"http://localhost:4173/","doctype":"html","html":[[3,5]],"viewport":{"width":1280,"height":800},"timestamp":7216.125,"wallTime":1786867251049,"collectionTime":0.19999999925494194,"resourceOverrides":[],"isMainFrame":true}}
