{"version":8,"type":"context-options","origin":"library","browserName":"chromium","playwrightVersion":"1.62.1","options":{"noDefaultViewport":false,"viewport":{"width":1280,"height":800},"ignoreHTTPSErrors":false,"javaScriptEnabled":true,"bypassCSP":false,"userAgent":"Mozilla/5.0 (Windows NT 10.0; Win64; x64) AppleWebKit/537.36 (KHTML, like Gecko) Chrome/151.0.7922.34 Safari/537.36","locale":"en-US","offline":false,"deviceScaleFactor":1,"isMobile":false,"hasTouch":false,"colorScheme":"light","acceptDownloads":"accept","baseURL":"http://localhost:4173","recordVideo":{"dir":"C:\\Dev\\00-work\\multiplication-table\\99\\e2e\\.resultados\\.playwright-artifacts-0"},"serviceWorkers":"allow","selectorEngines":[],"testIdAttributeName":"data-testid"},"platform":"win32","wallTime":1786867256641,"monotonicTime":12809.424,"sdkLanguage":"javascript","testIdAttributeName":"data-testid","contextId":"browser-context@9633ef82a27fa6b7845b15167fff1c32","title":"desktop.spec.ts:63 › partida no computador › o jogador nao cai da ilha nem atravessa a borda"}
{"type":"before","callId":"call@74","startTime":12811.868,"class":"BrowserContext","method":"newPage","params":{},"stepId":"pw:api@26"}
{"type":"event","time":12869.988,"class":"BrowserContext","method":"page","params":{"pageId":"page@71e3838c1cd9303e9cdf4b1ff37b36cf"}}
{"type":"after","callId":"call@74","endTime":12870.086,"result":{"page":"<Page>"}}
{"type":"before","callId":"call@77","startTime":12873.366,"class":"Frame","method":"goto","params":{"url":"/","waitUntil":"load"},"stepId":"pw:api@27","pageId":"page@71e3838c1cd9303e9cdf4b1ff37b36cf","beforeSnapshot":"before@call@77"}
{"type":"frame-snapshot","snapshot":{"callId":"call@77","snapshotName":"before@call@77","pageId":"page@71e3838c1cd9303e9cdf4b1ff37b36cf","frameId":"frame@47949289c38ee5dd40b4139bbdc2a74f","frameUrl":"about:blank","html":["HTML",{},["HEAD",{},["BASE",{"href":"about:blank"}]],["BODY"]],"viewport":{"width":1280,"height":800},"timestamp":12876.754,"wallTime":1786867256710,"collectionTime":1.200000001117587,"resourceOverrides":[],"isMainFrame":true}}
{"type":"log","callId":"call@77","time":12877.692,"message":"navigating to \"http://localhost:4173/\", waiting until \"load\""}
{"type":"screencast-frame","pageId":"page@71e3838c1cd9303e9cdf4b1ff37b36cf","sha1":"page@71e3838c1cd9303e9cdf4b1ff37b36cf-1786867256771.jpeg","width":1280,"height":800,"timestamp":12938.885,"frameSwapWallTime":1786867256768.004}
{"type":"after","callId":"call@77","endTime":13103.212,"result":{"response":"<Response>"},"afterSnapshot":"after@call@77"}
{"type":"frame-snapshot","snapshot":{"callId":"call@77","snapshotName":"after@call@77","pageId":"page@71e3838c1cd9303e9cdf4b1ff37b36cf","frameId":"frame@47949289c38ee5dd40b4139bbdc2a74f","frameUrl":"http://localhost:4173/","doctype":"html","html":["HTML",{"lang":"pt-BR"},["HEAD",{},["BASE",{"href":"http://localhost:4173/"}],"\n    ",["META",{"charset":"utf-8"}],"\n    ",["META",{"name":"viewport","content":"width=device-width, initial-scale=1.0"}],"\n    ",["TITLE",{},"Sobrevivência da Tabuada"],"\n    ",["META",{"name":"description","content":"POC 3D de sobrevivência educacional: resolva a tabuada do 2 para coletar recursos, construir e sobreviver à noite."}],"\n    ","\n    ",["LINK",{"rel":"modulepreload","crossorigin":"","href":"./assets/rapier-BTGFHtNQ.js"}],"\n    ",["LINK",{"rel":"modulepreload","crossorigin":"","href":"./assets/resources-mycm5O5L.js"}],"\n    ",["LINK",{"rel":"stylesheet","crossorigin":"","href":"./assets/index-DgxzPjDu.css"}],"\n  ",["LINK",{"rel":"modulepreload","as":"script","crossorigin":"","href":"http://localhost:4173/assets/GameCanvas-DCncwzi3.js"}],["LINK",{"rel":"stylesheet","crossorigin":"","href":"http://localhost:4173/assets/GameCanvas-DJPXOjM-.css"}]],"\n  ",["BODY",{},"\n    ",["DIV",{"id":"root"},["DIV",{"class":"loading","role":"status"},["DIV",{"class":"loading__sun","aria-hidden":"true"}],["P",{"class":"loading__title"},"Sobrevivência da Tabuada"],["P",{"class":"loading__text"},"Preparando a ilha…"]],["DIV",{"class":"hud"},["DIV",{"class":"hud__panel hud__panel--inventory"},["SPAN",{"class":"hud__phase hud__phase--dia"},["STRONG",{},"Dia"],["SMALL",{},"dia ","1"],["EM",{},"0","s"]],["SPAN",{"class":"hud__health","role":"meter","aria-label":"Vida","aria-valuenow":"100","aria-valuemin":"0","aria-valuemax":"100"},["I",{"style":"width: 100%;"}]],["SPAN",{"class":"hud__resource"},["I",{"class":"hud__dot hud__dot--madeira","aria-hidden":"true"}],"madeira"," ",["STRONG",{},"0"]],["SPAN",{"class":"hud__resource"},["I",{"class":"hud__dot hud__dot--fruta","aria-hidden":"true"}],"frutas"," ",["STRONG",{},"0"]],["SPAN",{"class":"hud__resource"},["I",{"class":"hud__dot hud__dot--pedra","aria-hidden":"true"}],"pedras"," ",["STRONG",{},"0"]]],["DIV",{"class":"hud__panel hud__panel--controls"},["STRONG",{},"Controles"],["SPAN",{},"WASD — andar"],["SPAN",{},"← → ou arrastar o mouse — girar a câmera"],["SPAN",{},"E — resolver e colher · 1 2 3 — responder"],["SPAN",{},"B — fogueira · C — cerca"],["SPAN",{},"Espaço — construir · Esc — cancelar"]],["DIV",{"class":"hud__bottom "},["DIV",{"class":"hud__recipes"},["SPAN",{"class":"hud__recipe  "},["STRONG",{},"Fogueira"]," ","8 madeira · 4 pedra"],["SPAN",{"class":"hud__recipe  "},["STRONG",{},"Cerca"]," ","6 madeira"]]]]],"\n  \n\n"]],"viewport":{"width":1280,"height":800},"timestamp":13136.534,"wallTime":1786867256969,"collectionTime":17,"resourceOverrides":[],"isMainFrame":true}}
{"type":"before","callId":"call@79","startTime":13142.196,"title":"Expect \"toBeVisible\"","class":"Frame","method":"expect","params":{"selector":"canvas","expression":"to.be.visible","expectedValue":{"value":{"v":"undefined"},"handles":[]},"isNot":false,"timeout":60000},"stepId":"expect@28","pageId":"page@71e3838c1cd9303e9cdf4b1ff37b36cf","beforeSnapshot":"before@call@79"}
{"type":"frame-snapshot","snapshot":{"callId":"call@79","snapshotName":"before@call@79","pageId":"page@71e3838c1cd9303e9cdf4b1ff37b36cf","frameId":"frame@47949289c38ee5dd40b4139bbdc2a74f","frameUrl":"http://localhost:4173/","doctype":"html","html":[[1,88]],"viewport":{"width":1280,"height":800},"timestamp":13149.807,"wallTime":1786867256981,"collectionTime":0.2999999988824129,"resourceOverrides":[],"isMainFrame":true}}
{"type":"log","callId":"call@79","time":13150.254,"message":"Expect \"toBeVisible\" with timeout 60000ms"}
{"type":"log","callId":"call@79","time":13150.285,"message":"waiting for locator('canvas')"}
{"type":"screencast-frame","pageId":"page@71e3838c1cd9303e9cdf4b1ff37b36cf","sha1":"page@71e3838c1cd9303e9cdf4b1ff37b36cf-1786867256996.jpeg","width":1280,"height":800,"timestamp":13164.33,"frameSwapWallTime":1786867256992.431}
{"type":"screencast-frame","pageId":"page@71e3838c1cd9303e9cdf4b1ff37b36cf","sha1":"page@71e3838c1cd9303e9cdf4b1ff37b36cf-1786867257008.jpeg","width":1280,"height":800,"timestamp":13176.206,"frameSwapWallTime":1786867257006.519}
{"type":"screencast-frame","pageId":"page@71e3838c1cd9303e9cdf4b1ff37b36cf","sha1":"page@71e3838c1cd9303e9cdf4b1ff37b36cf-1786867257020.jpeg","width":1280,"height":800,"timestamp":13188.462,"frameSwapWallTime":1786867257019.267}
{"type":"screencast-frame","pageId":"page@71e3838c1cd9303e9cdf4b1ff37b36cf","sha1":"page@71e3838c1cd9303e9cdf4b1ff37b36cf-1786867257034.jpeg","width":1280,"height":800,"timestamp":13201.692,"frameSwapWallTime":1786867257030.906}
{"type":"screencast-frame","pageId":"page@71e3838c1cd9303e9cdf4b1ff37b36cf","sha1":"page@71e3838c1cd9303e9cdf4b1ff37b36cf-1786867257052.jpeg","width":1280,"height":800,"timestamp":13219.614,"frameSwapWallTime":1786867257048.261}
{"type":"screencast-frame","pageId":"page@71e3838c1cd9303e9cdf4b1ff37b36cf","sha1":"page@71e3838c1cd9303e9cdf4b1ff37b36cf-1786867257071.jpeg","width":1280,"height":800,"timestamp":13239.562,"frameSwapWallTime":1786867257068.554}
{"type":"screencast-frame","pageId":"page@71e3838c1cd9303e9cdf4b1ff37b36cf","sha1":"page@71e3838c1cd9303e9cdf4b1ff37b36cf-1786867257083.jpeg","width":1280,"height":800,"timestamp":13250.926,"frameSwapWallTime":1786867257081.4}
{"type":"screencast-frame","pageId":"page@71e3838c1cd9303e9cdf4b1ff37b36cf","sha1":"page@71e3838c1cd9303e9cdf4b1ff37b36cf-1786867257099.jpeg","width":1280,"height":800,"timestamp":13266.704,"frameSwapWallTime":1786867257097.58}
{"type":"screencast-frame","pageId":"page@71e3838c1cd9303e9cdf4b1ff37b36cf","sha1":"page@71e3838c1cd9303e9cdf4b1ff37b36cf-1786867257115.jpeg","width":1280,"height":800,"timestamp":13283.501,"frameSwapWallTime":1786867257114.565}
{"type":"screencast-frame","pageId":"page@71e3838c1cd9303e9cdf4b1ff37b36cf","sha1":"page@71e3838c1cd9303e9cdf4b1ff37b36cf-1786867257135.jpeg","width":1280,"height":800,"timestamp":13303.479,"frameSwapWallTime":1786867257133.166}
{"type":"screencast-frame","pageId":"page@71e3838c1cd9303e9cdf4b1ff37b36cf","sha1":"page@71e3838c1cd9303e9cdf4b1ff37b36cf-1786867257154.jpeg","width":1280,"height":800,"timestamp":13322.004,"frameSwapWallTime":1786867257151.346}
{"type":"screencast-frame","pageId":"page@71e3838c1cd9303e9cdf4b1ff37b36cf","sha1":"page@71e3838c1cd9303e9cdf4b1ff37b36cf-1786867257172.jpeg","width":1280,"height":800,"timestamp":13339.765,"frameSwapWallTime":1786867257168.987}
{"type":"screencast-frame","pageId":"page@71e3838c1cd9303e9cdf4b1ff37b36cf","sha1":"page@71e3838c1cd9303e9cdf4b1ff37b36cf-1786867257189.jpeg","width":1280,"height":800,"timestamp":13356.848,"frameSwapWallTime":1786867257185.281}
{"type":"screencast-frame","pageId":"page@71e3838c1cd9303e9cdf4b1ff37b36cf","sha1":"page@71e3838c1cd9303e9cdf4b1ff37b36cf-1786867257205.jpeg","width":1280,"height":800,"timestamp":13372.748,"frameSwapWallTime":1786867257201.589}
{"type":"screencast-frame","pageId":"page@71e3838c1cd9303e9cdf4b1ff37b36cf","sha1":"page@71e3838c1cd9303e9cdf4b1ff37b36cf-1786867257217.jpeg","width":1280,"height":800,"timestamp":13384.877,"frameSwapWallTime":1786867257214.484}
{"type":"screencast-frame","pageId":"page@71e3838c1cd9303e9cdf4b1ff37b36cf","sha1":"page@71e3838c1cd9303e9cdf4b1ff37b36cf-1786867257239.jpeg","width":1280,"height":800,"timestamp":13407.046,"frameSwapWallTime":1786867257236.287}
{"type":"screencast-frame","pageId":"page@71e3838c1cd9303e9cdf4b1ff37b36cf","sha1":"page@71e3838c1cd9303e9cdf4b1ff37b36cf-1786867257249.jpeg","width":1280,"height":800,"timestamp":13416.999,"frameSwapWallTime":1786867257247.432}
{"type":"screencast-frame","pageId":"page@71e3838c1cd9303e9cdf4b1ff37b36cf","sha1":"page@71e3838c1cd9303e9cdf4b1ff37b36cf-1786867257271.jpeg","width":1280,"height":800,"timestamp":13439.428,"frameSwapWallTime":1786867257268.5571}
{"type":"screencast-frame","pageId":"page@71e3838c1cd9303e9cdf4b1ff37b36cf","sha1":"page@71e3838c1cd9303e9cdf4b1ff37b36cf-1786867257285.jpeg","width":1280,"height":800,"timestamp":13453.282,"frameSwapWallTime":1786867257283.7788}
{"type":"console","messageType":"warning","text":"THREE.Clock: This module has been deprecated. Please use THREE.Timer instead.","args":[{"preview":"THREE.Clock: This module has been deprecated. Please use THREE.Timer instead.","value":"THREE.Clock: This module has been deprecated. Please use THREE.Timer instead."}],"location":{"url":"http://localhost:4173/assets/resources-mycm5O5L.js","lineNumber":8,"columnNumber":44839},"time":13493.172,"pageId":"page@71e3838c1cd9303e9cdf4b1ff37b36cf"}
{"type":"log","callId":"call@79","time":13511.993,"message":"  locator resolved to <canvas width=\"1280\" height=\"800\" data-engine=\"three.js r185\"></canvas>"}
{"type":"after","callId":"call@79","endTime":13512.076,"afterSnapshot":"after@call@79"}
{"type":"frame-snapshot","snapshot":{"callId":"call@79","snapshotName":"after@call@79","pageId":"page@71e3838c1cd9303e9cdf4b1ff37b36cf","frameId":"frame@47949289c38ee5dd40b4139bbdc2a74f","frameUrl":"http://localhost:4173/","doctype":"html","html":["HTML",{"lang":"pt-BR"},[[2,20]],[[2,21]],["BODY",{},[[2,22]],["DIV",{"id":"root"},["DIV",{"style":"position: relative; width: 100%; height: 100%; overflow: hidden; pointer-events: auto;"},["DIV",{"style":"width: 100%; height: 100%;"},["CANVAS",{"__playwright_bounding_rect__":"{\"left\":0,\"top\":0,\"right\":1280,\"bottom\":800}","__playwright_target__":"","data-engine":"three.js r185","width":"1280","height":"800","style":"display: block; width: 1280px; height: 800px;"}]]],[[2,84]]],[[2,86]]]],"viewport":{"width":1280,"height":800},"timestamp":13539.126,"wallTime":1786867257372,"collectionTime":0.2999999988824129,"resourceOverrides":[],"isMainFrame":true}}
{"type":"before","callId":"call@81","startTime":13541.73,"title":"Expect \"toHaveCount\"","class":"Frame","method":"expect","params":{"selector":".loading","expression":"to.have.count","expectedNumber":0,"expectedValue":{"value":{"v":"undefined"},"handles":[]},"isNot":false,"timeout":60000},"stepId":"expect@29","pageId":"page@71e3838c1cd9303e9cdf4b1ff37b36cf","beforeSnapshot":"before@call@81"}
{"type":"screencast-frame","pageId":"page@71e3838c1cd9303e9cdf4b1ff37b36cf","sha1":"page@71e3838c1cd9303e9cdf4b1ff37b36cf-1786867257382.jpeg","width":1280,"height":800,"timestamp":13549.584,"frameSwapWallTime":1786867257379.93}
{"type":"console","messageType":"warning","text":"using deprecated parameters for the initialization function; pass a single object instead","args":[{"preview":"using deprecated parameters for the initialization function; pass a single object instead","value":"using deprecated parameters for the initialization function; pass a single object instead"}],"location":{"url":"http://localhost:4173/assets/rapier-BTGFHtNQ.js","lineNumber":0,"columnNumber":73052},"time":13585.734,"pageId":"page@71e3838c1cd9303e9cdf4b1ff37b36cf"}
{"type":"frame-snapshot","snapshot":{"callId":"call@81","snapshotName":"before@call@81","pageId":"page@71e3838c1cd9303e9cdf4b1ff37b36cf","frameId":"frame@47949289c38ee5dd40b4139bbdc2a74f","frameUrl":"http://localhost:4173/","doctype":"html","html":["HTML",{"lang":"pt-BR"},[[3,20]],[[3,21]],["BODY",{},[[3,22]],["DIV",{"id":"root"},["DIV",{"style":"position: relative; width: 100%; height: 100%; overflow: hidden; pointer-events: auto; display: none !important;"},["DIV",{"style":"width: 100%; height: 100%;"},["CANVAS",{"__playwright_bounding_rect__":"{\"left\":0,\"top\":0,\"right\":0,\"bottom\":0}","data-engine":"three.js r185","width":"1280","height":"800","style":"display: block; width: 1280px; height: 800px;"}]]],["DIV",{"class":"loading","role":"status"},["DIV",{"class":"loading__sun","aria-hidden":"true"}],["P",{"class":"loading__title"},"Sobrevivência da Tabuada"],["P",{"class":"loading__text"},"Preparando a ilha…"]],[[3,84]]],[[3,86]]]],"viewport":{"width":1280,"height":800},"timestamp":13589.083,"wallTime":1786867257422,"collectionTime":0.900000000372529,"resourceOverrides":[],"isMainFrame":true}}
{"type":"log","callId":"call@81","time":13589.586,"message":"Expect \"toHaveCount\" with timeout 60000ms"}
{"type":"log","callId":"call@81","time":13589.604,"message":"waiting for locator('.loading')"}
{"type":"log","callId":"call@81","time":13601.848,"message":"  locator resolved to 1 element"}
{"type":"log","callId":"call@81","time":13601.872,"message":"  unexpected value \"1\""}
{"type":"screencast-frame","pageId":"page@71e3838c1cd9303e9cdf4b1ff37b36cf","sha1":"page@71e3838c1cd9303e9cdf4b1ff37b36cf-1786867257446.jpeg","width":1280,"height":800,"timestamp":13613.598,"frameSwapWallTime":1786867257442.194}
{"type":"screencast-frame","pageId":"page@71e3838c1cd9303e9cdf4b1ff37b36cf","sha1":"page@71e3838c1cd9303e9cdf4b1ff37b36cf-1786867257461.jpeg","width":1280,"height":800,"timestamp":13629.202,"frameSwapWallTime":1786867257457.578}
{"type":"log","callId":"call@81","time":13631.308,"message":"  locator resolved to 1 element"}
{"type":"log","callId":"call@81","time":13631.329,"message":"  unexpected value \"1\""}
{"type":"screencast-frame","pageId":"page@71e3838c1cd9303e9cdf4b1ff37b36cf","sha1":"page@71e3838c1cd9303e9cdf4b1ff37b36cf-1786867257472.jpeg","width":1280,"height":800,"timestamp":13640.539,"frameSwapWallTime":1786867257469.507}
{"type":"screencast-frame","pageId":"page@71e3838c1cd9303e9cdf4b1ff37b36cf","sha1":"page@71e3838c1cd9303e9cdf4b1ff37b36cf-1786867257484.jpeg","width":1280,"height":800,"timestamp":13651.728,"frameSwapWallTime":1786867257481.007}
{"type":"screencast-frame","pageId":"page@71e3838c1cd9303e9cdf4b1ff37b36cf","sha1":"page@71e3838c1cd9303e9cdf4b1ff37b36cf-1786867257502.jpeg","width":1280,"height":800,"timestamp":13670.103,"frameSwapWallTime":1786867257498.656}
{"type":"screencast-frame","pageId":"page@71e3838c1cd9303e9cdf4b1ff37b36cf","sha1":"page@71e3838c1cd9303e9cdf4b1ff37b36cf-1786867257518.jpeg","width":1280,"height":800,"timestamp":13685.628,"frameSwapWallTime":1786867257514.605}
{"type":"log","callId":"call@81","time":13687.857,"message":"  locator resolved to 1 element"}
{"type":"log","callId":"call@81","time":13687.877,"message":"  unexpected value \"1\""}
{"type":"screencast-frame","pageId":"page@71e3838c1cd9303e9cdf4b1ff37b36cf","sha1":"page@71e3838c1cd9303e9cdf4b1ff37b36cf-1786867257538.jpeg","width":1280,"height":800,"timestamp":13706.407,"frameSwapWallTime":1786867257535.1091}
{"type":"screencast-frame","pageId":"page@71e3838c1cd9303e9cdf4b1ff37b36cf","sha1":"page@71e3838c1cd9303e9cdf4b1ff37b36cf-1786867257552.jpeg","width":1280,"height":800,"timestamp":13720.453,"frameSwapWallTime":1786867257548.436}
{"type":"screencast-frame","pageId":"page@71e3838c1cd9303e9cdf4b1ff37b36cf","sha1":"page@71e3838c1cd9303e9cdf4b1ff37b36cf-1786867257573.jpeg","width":1280,"height":800,"timestamp":13741.087,"frameSwapWallTime":1786867257570.088}
{"type":"screencast-frame","pageId":"page@71e3838c1cd9303e9cdf4b1ff37b36cf","sha1":"page@71e3838c1cd9303e9cdf4b1ff37b36cf-1786867257584.jpeg","width":1280,"height":800,"timestamp":13752.469,"frameSwapWallTime":1786867257581.1912}
{"type":"screencast-frame","pageId":"page@71e3838c1cd9303e9cdf4b1ff37b36cf","sha1":"page@71e3838c1cd9303e9cdf4b1ff37b36cf-1786867257599.jpeg","width":1280,"height":800,"timestamp":13767.249,"frameSwapWallTime":1786867257598.5461}
{"type":"screencast-frame","pageId":"page@71e3838c1cd9303e9cdf4b1ff37b36cf","sha1":"page@71e3838c1cd9303e9cdf4b1ff37b36cf-1786867257615.jpeg","width":1280,"height":800,"timestamp":13782.826,"frameSwapWallTime":1786867257613.676}
{"type":"log","callId":"call@81","time":13796.811,"message":"  locator resolved to 1 element"}
{"type":"log","callId":"call@81","time":13796.834,"message":"  unexpected value \"1\""}
{"type":"screencast-frame","pageId":"page@71e3838c1cd9303e9cdf4b1ff37b36cf","sha1":"page@71e3838c1cd9303e9cdf4b1ff37b36cf-1786867257633.jpeg","width":1280,"height":800,"timestamp":13801.014,"frameSwapWallTime":1786867257631.8792}
{"type":"screencast-frame","pageId":"page@71e3838c1cd9303e9cdf4b1ff37b36cf","sha1":"page@71e3838c1cd9303e9cdf4b1ff37b36cf-1786867257648.jpeg","width":1280,"height":800,"timestamp":13816.024,"frameSwapWallTime":1786867257647.147}
{"type":"screencast-frame","pageId":"page@71e3838c1cd9303e9cdf4b1ff37b36cf","sha1":"page@71e3838c1cd9303e9cdf4b1ff37b36cf-1786867257666.jpeg","width":1280,"height":800,"timestamp":13833.927,"frameSwapWallTime":1786867257663.849}
{"type":"screencast-frame","pageId":"page@71e3838c1cd9303e9cdf4b1ff37b36cf","sha1":"page@71e3838c1cd9303e9cdf4b1ff37b36cf-1786867257686.jpeg","width":1280,"height":800,"timestamp":13854.433,"frameSwapWallTime":1786867257682.26}
{"type":"console","messageType":"warning","text":"THREE.WebGLShadowMap: PCFSoftShadowMap has been deprecated. Using PCFShadowMap instead.","args":[{"preview":"THREE.WebGLShadowMap: PCFSoftShadowMap has been deprecated. Using PCFShadowMap instead.","value":"THREE.WebGLShadowMap: PCFSoftShadowMap has been deprecated. Using PCFShadowMap instead."}],"location":{"url":"http://localhost:4173/assets/resources-mycm5O5L.js","lineNumber":8,"columnNumber":44839},"time":13881.313,"pageId":"page@71e3838c1cd9303e9cdf4b1ff37b36cf"}
{"type":"screencast-frame","pageId":"page@71e3838c1cd9303e9cdf4b1ff37b36cf","sha1":"page@71e3838c1cd9303e9cdf4b1ff37b36cf-1786867257724.jpeg","width":1280,"height":800,"timestamp":13891.923,"frameSwapWallTime":1786867257720.314}
{"type":"screencast-frame","pageId":"page@71e3838c1cd9303e9cdf4b1ff37b36cf","sha1":"page@71e3838c1cd9303e9cdf4b1ff37b36cf-1786867257740.jpeg","width":1280,"height":800,"timestamp":13908.384,"frameSwapWallTime":1786867257737.418}
{"type":"screencast-frame","pageId":"page@71e3838c1cd9303e9cdf4b1ff37b36cf","sha1":"page@71e3838c1cd9303e9cdf4b1ff37b36cf-1786867257756.jpeg","width":1280,"height":800,"timestamp":13924.096,"frameSwapWallTime":1786867257752.7139}
{"type":"screencast-frame","pageId":"page@71e3838c1cd9303e9cdf4b1ff37b36cf","sha1":"page@71e3838c1cd9303e9cdf4b1ff37b36cf-1786867257771.jpeg","width":1280,"height":800,"timestamp":13938.851,"frameSwapWallTime":1786867257769.63}
{"type":"screencast-frame","pageId":"page@71e3838c1cd9303e9cdf4b1ff37b36cf","sha1":"page@71e3838c1cd9303e9cdf4b1ff37b36cf-1786867257792.jpeg","width":1280,"height":800,"timestamp":13960.08,"frameSwapWallTime":1786867257787.6912}
{"type":"screencast-frame","pageId":"page@71e3838c1cd9303e9cdf4b1ff37b36cf","sha1":"page@71e3838c1cd9303e9cdf4b1ff37b36cf-1786867257808.jpeg","width":1280,"height":800,"timestamp":13976.232,"frameSwapWallTime":1786867257803.993}
{"type":"screencast-frame","pageId":"page@71e3838c1cd9303e9cdf4b1ff37b36cf","sha1":"page@71e3838c1cd9303e9cdf4b1ff37b36cf-1786867257824.jpeg","width":1280,"height":800,"timestamp":13991.884,"frameSwapWallTime":1786867257820.3699}
{"type":"screencast-frame","pageId":"page@71e3838c1cd9303e9cdf4b1ff37b36cf","sha1":"page@71e3838c1cd9303e9cdf4b1ff37b36cf-1786867257840.jpeg","width":1280,"height":800,"timestamp":14008.218,"frameSwapWallTime":1786867257836.3682}
{"type":"screencast-frame","pageId":"page@71e3838c1cd9303e9cdf4b1ff37b36cf","sha1":"page@71e3838c1cd9303e9cdf4b1ff37b36cf-1786867257858.jpeg","width":1280,"height":800,"timestamp":14026.36,"frameSwapWallTime":1786867257854.268}
{"type":"screencast-frame","pageId":"page@71e3838c1cd9303e9cdf4b1ff37b36cf","sha1":"page@71e3838c1cd9303e9cdf4b1ff37b36cf-1786867257868.jpeg","width":1280,"height":800,"timestamp":14036.394,"frameSwapWallTime":1786867257867.1328}
{"type":"screencast-frame","pageId":"page@71e3838c1cd9303e9cdf4b1ff37b36cf","sha1":"page@71e3838c1cd9303e9cdf4b1ff37b36cf-1786867257893.jpeg","width":1280,"height":800,"timestamp":14060.922,"frameSwapWallTime":1786867257888.7031}
{"type":"log","callId":"call@81","time":14259.957,"message":"  locator resolved to 0 elements"}
{"type":"after","callId":"call@81","endTime":14260.042,"afterSnapshot":"after@call@81"}
{"type":"screencast-frame","pageId":"page@71e3838c1cd9303e9cdf4b1ff37b36cf","sha1":"page@71e3838c1cd9303e9cdf4b1ff37b36cf-1786867258102.jpeg","width":1280,"height":800,"timestamp":14269.835,"frameSwapWallTime":1786867258098.312}
{"type":"screencast-frame","pageId":"page@71e3838c1cd9303e9cdf4b1ff37b36cf","sha1":"page@71e3838c1cd9303e9cdf4b1ff37b36cf-1786867258126.jpeg","width":1280,"height":800,"timestamp":14294.338,"frameSwapWallTime":1786867258121.093}
{"type":"frame-snapshot","snapshot":{"callId":"call@81","snapshotName":"after@call@81","pageId":"page@71e3838c1cd9303e9cdf4b1ff37b36cf","frameId":"frame@47949289c38ee5dd40b4139bbdc2a74f","frameUrl":"http://localhost:4173/","doctype":"html","html":["HTML",{"lang":"pt-BR"},[[4,20]],[[4,21]],["BODY",{},[[4,22]],["DIV",{"id":"root"},["DIV",{"style":"position: relative; width: 100%; height: 100%; overflow: hidden; pointer-events: auto;"},["DIV",{"style":"width: 100%; height: 100%;"},["CANVAS",{"__playwright_bounding_rect__":"{\"left\":0,\"top\":0,\"right\":1280,\"bottom\":800}","data-engine":"three.js r185","width":"1280","height":"800","style":"display: block; width: 1280px; height: 800px;"}]]],[[4,84]]],[[4,86]]]],"viewport":{"width":1280,"height":800},"timestamp":14393.572,"wallTime":1786867258227,"collectionTime":0.19999999925494194,"resourceOverrides":[],"isMainFrame":true}}
{"type":"before","callId":"call@83","startTime":14395.648,"class":"Frame","method":"waitForFunction","params":{"expression":"() => {\n    const ponte = window.__tabuada;\n    if (!ponte) return false;\n    const assentado = ponte.transform.y > 0.5 && ponte.transform.y < 1.5;\n    return ponte.store.getState().nodes.length > 0 && assentado;\n  }","isFunction":true,"arg":{"value":{"v":"null"},"handles":[]},"timeout":60000},"stepId":"pw:api@30","pageId":"page@71e3838c1cd9303e9cdf4b1ff37b36cf","beforeSnapshot":"before@call@83"}
{"type":"screencast-frame","pageId":"page@71e3838c1cd9303e9cdf4b1ff37b36cf","sha1":"page@71e3838c1cd9303e9cdf4b1ff37b36cf-1786867258277.jpeg","width":1280,"height":800,"timestamp":14445.383,"frameSwapWallTime":1786867258249.758}
{"type":"frame-snapshot","snapshot":{"callId":"call@83","snapshotName":"before@call@83","pageId":"page@71e3838c1cd9303e9cdf4b1ff37b36cf","frameId":"frame@47949289c38ee5dd40b4139bbdc2a74f","frameUrl":"http://localhost:4173/","doctype":"html","html":[[1,5]],"viewport":{"width":1280,"height":800},"timestamp":14491.164,"wallTime":1786867258325,"collectionTime":0.30000000074505806,"resourceOverrides":[],"isMainFrame":true}}
{"type":"console","messageType":"warning","text":"THREE.WebGLShadowMap: PCFSoftShadowMap has been deprecated. Using PCFShadowMap instead.","args":[{"preview":"THREE.WebGLShadowMap: PCFSoftShadowMap has been deprecated. Using PCFShadowMap instead.","value":"THREE.WebGLShadowMap: PCFSoftShadowMap has been deprecated. Using PCFShadowMap instead."}],"location":{"url":"http://localhost:4173/assets/resources-mycm5O5L.js","lineNumber":8,"columnNumber":44839},"time":14493.591,"pageId":"page@71e3838c1cd9303e9cdf4b1ff37b36cf"}
{"type":"screencast-frame","pageId":"page@71e3838c1cd9303e9cdf4b1ff37b36cf","sha1":"page@71e3838c1cd9303e9cdf4b1ff37b36cf-1786867258372.jpeg","width":1280,"height":800,"timestamp":14540.376,"frameSwapWallTime":1786867258342.0999}
{"type":"screencast-frame","pageId":"page@71e3838c1cd9303e9cdf4b1ff37b36cf","sha1":"page@71e3838c1cd9303e9cdf4b1ff37b36cf-1786867258435.jpeg","width":1280,"height":800,"timestamp":14603.567,"frameSwapWallTime":1786867258424.9622}
{"type":"screencast-frame","pageId":"page@71e3838c1cd9303e9cdf4b1ff37b36cf","sha1":"page@71e3838c1cd9303e9cdf4b1ff37b36cf-1786867258519.jpeg","width":1280,"height":800,"timestamp":14686.699,"frameSwapWallTime":1786867258508.7}
{"type":"screencast-frame","pageId":"page@71e3838c1cd9303e9cdf4b1ff37b36cf","sha1":"page@71e3838c1cd9303e9cdf4b1ff37b36cf-1786867258592.jpeg","width":1280,"height":800,"timestamp":14759.71,"frameSwapWallTime":1786867258580.3982}
{"type":"after","callId":"call@83","endTime":14804.984,"result":{"handle":"<JSHandle>"},"afterSnapshot":"after@call@83"}
{"type":"screencast-frame","pageId":"page@71e3838c1cd9303e9cdf4b1ff37b36cf","sha1":"page@71e3838c1cd9303e9cdf4b1ff37b36cf-1786867258669.jpeg","width":1280,"height":800,"timestamp":14836.922,"frameSwapWallTime":1786867258658.156}
{"type":"frame-snapshot","snapshot":{"callId":"call@83","snapshotName":"after@call@83","pageId":"page@71e3838c1cd9303e9cdf4b1ff37b36cf","frameId":"frame@47949289c38ee5dd40b4139bbdc2a74f","frameUrl":"http://localhost:4173/","doctype":"html","html":["HTML",{"lang":"pt-BR"},[[6,20]],[[6,21]],["BODY",{},[[6,22]],["DIV",{"id":"root"},[[2,2]],["DIV",{"class":"hud"},["DIV",{"class":"hud__panel hud__panel--inventory"},["SPAN",{"class":"hud__phase hud__phase--dia"},[[6,30]],[[6,33]],["EM",{},"90",[[6,35]]]],[[6,39]],[[6,45]],[[6,51]],[[6,57]]],[[6,71]],[[6,83]]]],[[6,86]]]],"viewport":{"width":1280,"height":800},"timestamp":14882.438,"wallTime":1786867258716,"collectionTime":0.5,"resourceOverrides":[],"isMainFrame":true}}
{"type":"before","callId":"call@85","startTime":14884.212,"class":"Frame","method":"waitForTimeout","params":{"waitTimeout":400},"stepId":"pw:api@31","pageId":"page@71e3838c1cd9303e9cdf4b1ff37b36cf","beforeSnapshot":"before@call@85"}
{"type":"screencast-frame","pageId":"page@71e3838c1cd9303e9cdf4b1ff37b36cf","sha1":"page@71e3838c1cd9303e9cdf4b1ff37b36cf-1786867258750.jpeg","width":1280,"height":800,"timestamp":14917.839,"frameSwapWallTime":1786867258733.94}
{"type":"frame-snapshot","snapshot":{"callId":"call@85","snapshotName":"before@call@85","pageId":"page@71e3838c1cd9303e9cdf4b1ff37b36cf","frameId":"frame@47949289c38ee5dd40b4139bbdc2a74f","frameUrl":"http://localhost:4173/","doctype":"html","html":[[1,7]],"viewport":{"width":1280,"height":800},"timestamp":14962.014,"wallTime":1786867258795,"collectionTime":0.5,"resourceOverrides":[],"isMainFrame":true}}
{"type":"screencast-frame","pageId":"page@71e3838c1cd9303e9cdf4b1ff37b36cf","sha1":"page@71e3838c1cd9303e9cdf4b1ff37b36cf-1786867258820.jpeg","width":1280,"height":800,"timestamp":14988.373,"frameSwapWallTime":1786867258811.703}
{"type":"screencast-frame","pageId":"page@71e3838c1cd9303e9cdf4b1ff37b36cf","sha1":"page@71e3838c1cd9303e9cdf4b1ff37b36cf-1786867258911.jpeg","width":1280,"height":800,"timestamp":15078.805,"frameSwapWallTime":1786867258892.822}
{"type":"screencast-frame","pageId":"page@71e3838c1cd9303e9cdf4b1ff37b36cf","sha1":"page@71e3838c1cd9303e9cdf4b1ff37b36cf-1786867258985.jpeg","width":1280,"height":800,"timestamp":15152.697,"frameSwapWallTime":1786867258977.5332}
{"type":"screencast-frame","pageId":"page@71e3838c1cd9303e9cdf4b1ff37b36cf","sha1":"page@71e3838c1cd9303e9cdf4b1ff37b36cf-1786867259064.jpeg","width":1280,"height":800,"timestamp":15231.958,"frameSwapWallTime":1786867259050.965}
{"type":"screencast-frame","pageId":"page@71e3838c1cd9303e9cdf4b1ff37b36cf","sha1":"page@71e3838c1cd9303e9cdf4b1ff37b36cf-1786867259148.jpeg","width":1280,"height":800,"timestamp":15315.665,"frameSwapWallTime":1786867259137.759}
{"type":"after","callId":"call@85","endTime":15361.712,"afterSnapshot":"after@call@85"}
{"type":"frame-snapshot","snapshot":{"callId":"call@85","snapshotName":"after@call@85","pageId":"page@71e3838c1cd9303e9cdf4b1ff37b36cf","frameId":"frame@47949289c38ee5dd40b4139bbdc2a74f","frameUrl":"http://localhost:4173/","doctype":"html","html":[[2,7]],"viewport":{"width":1280,"height":800},"timestamp":15364.481,"wallTime":1786867259198,"collectionTime":0.3999999985098839,"resourceOverrides":[],"isMainFrame":true}}
{"type":"before","callId":"call@87","startTime":15367.239,"class":"Page","method":"keyboardDown","params":{"key":"KeyW"},"stepId":"pw:api@32","pageId":"page@71e3838c1cd9303e9cdf4b1ff37b36cf"}
{"type":"input","callId":"call@87","inputSnapshot":"input@call@87"}
{"type":"screencast-frame","pageId":"page@71e3838c1cd9303e9cdf4b1ff37b36cf","sha1":"page@71e3838c1cd9303e9cdf4b1ff37b36cf-1786867259238.jpeg","width":1280,"height":800,"timestamp":15406.308,"frameSwapWallTime":1786867259220.5542}
{"type":"frame-snapshot","snapshot":{"callId":"call@87","snapshotName":"input@call@87","pageId":"page@71e3838c1cd9303e9cdf4b1ff37b36cf","frameId":"frame@47949289c38ee5dd40b4139bbdc2a74f","frameUrl":"http://localhost:4173/","doctype":"html","html":[[3,7]],"viewport":{"width":1280,"height":800},"timestamp":15446.462,"wallTime":1786867259280,"collectionTime":0.599999999627471,"resourceOverrides":[],"isMainFrame":true}}
{"type":"screencast-frame","pageId":"page@71e3838c1cd9303e9cdf4b1ff37b36cf","sha1":"page@71e3838c1cd9303e9cdf4b1ff37b36cf-1786867259310.jpeg","width":1280,"height":800,"timestamp":15478.204,"frameSwapWallTime":1786867259296.626}
{"type":"after","callId":"call@87","endTime":15527.043,"afterSnapshot":"after@call@87"}
{"type":"screencast-frame","pageId":"page@71e3838c1cd9303e9cdf4b1ff37b36cf","sha1":"page@71e3838c1cd9303e9cdf4b1ff37b36cf-1786867259404.jpeg","width":1280,"height":800,"timestamp":15571.765,"frameSwapWallTime":1786867259385.453}
{"type":"frame-snapshot","snapshot":{"callId":"call@87","snapshotName":"after@call@87","pageId":"page@71e3838c1cd9303e9cdf4b1ff37b36cf","frameId":"frame@47949289c38ee5dd40b4139bbdc2a74f","frameUrl":"http://localhost:4173/","doctype":"html","html":[[4,7]],"viewport":{"width":1280,"height":800},"timestamp":15609.617,"wallTime":1786867259443,"collectionTime":0.30000000074505806,"resourceOverrides":[],"isMainFrame":true}}
{"type":"before","callId":"call@89","startTime":15611.17,"class":"Frame","method":"waitForTimeout","params":{"waitTimeout":7000},"stepId":"pw:api@33","pageId":"page@71e3838c1cd9303e9cdf4b1ff37b36cf","beforeSnapshot":"before@call@89"}
{"type":"screencast-frame","pageId":"page@71e3838c1cd9303e9cdf4b1ff37b36cf","sha1":"page@71e3838c1cd9303e9cdf4b1ff37b36cf-1786867259469.jpeg","width":1280,"height":800,"timestamp":15637.48,"frameSwapWallTime":1786867259462.94}
{"type":"frame-snapshot","snapshot":{"callId":"call@89","snapshotName":"before@call@89","pageId":"page@71e3838c1cd9303e9cdf4b1ff37b36cf","frameId":"frame@47949289c38ee5dd40b4139bbdc2a74f","frameUrl":"http://localhost:4173/","doctype":"html","html":[[5,7]],"viewport":{"width":1280,"height":800},"timestamp":15683.335,"wallTime":1786867259517,"collectionTime":0.30000000074505806,"resourceOverrides":[],"isMainFrame":true}}
{"type":"screencast-frame","pageId":"page@71e3838c1cd9303e9cdf4b1ff37b36cf","sha1":"page@71e3838c1cd9303e9cdf4b1ff37b36cf-1786867259564.jpeg","width":1280,"height":800,"timestamp":15731.93,"frameSwapWallTime":1786867259534.413}
{"type":"screencast-frame","pageId":"page@71e3838c1cd9303e9cdf4b1ff37b36cf","sha1":"page@71e3838c1cd9303e9cdf4b1ff37b36cf-1786867259642.jpeg","width":1280,"height":800,"timestamp":15809.729,"frameSwapWallTime":1786867259623.728}
{"type":"screencast-frame","pageId":"page@71e3838c1cd9303e9cdf4b1ff37b36cf","sha1":"page@71e3838c1cd9303e9cdf4b1ff37b36cf-1786867259736.jpeg","width":1280,"height":800,"timestamp":15904.549,"frameSwapWallTime":1786867259697.471}
{"type":"screencast-frame","pageId":"page@71e3838c1cd9303e9cdf4b1ff37b36cf","sha1":"page@71e3838c1cd9303e9cdf4b1ff37b36cf-1786867259783.jpeg","width":1280,"height":800,"timestamp":15950.588,"frameSwapWallTime":1786867259774.453}
{"type":"screencast-frame","pageId":"page@71e3838c1cd9303e9cdf4b1ff37b36cf","sha1":"page@71e3838c1cd9303e9cdf4b1ff37b36cf-1786867259870.jpeg","width":1280,"height":800,"timestamp":16037.689,"frameSwapWallTime":1786867259852.979}
{"type":"screencast-frame","pageId":"page@71e3838c1cd9303e9cdf4b1ff37b36cf","sha1":"page@71e3838c1cd9303e9cdf4b1ff37b36cf-1786867259939.jpeg","width":1280,"height":800,"timestamp":16107.31,"frameSwapWallTime":1786867259931.087}
{"type":"screencast-frame","pageId":"page@71e3838c1cd9303e9cdf4b1ff37b36cf","sha1":"page@71e3838c1cd9303e9cdf4b1ff37b36cf-1786867260032.jpeg","width":1280,"height":800,"timestamp":16200.273,"frameSwapWallTime":1786867260017.135}
{"type":"screencast-frame","pageId":"page@71e3838c1cd9303e9cdf4b1ff37b36cf","sha1":"page@71e3838c1cd9303e9cdf4b1ff37b36cf-1786867260252.jpeg","width":1280,"height":800,"timestamp":16420.047,"frameSwapWallTime":1786867260238.6848}
{"type":"screencast-frame","pageId":"page@71e3838c1cd9303e9cdf4b1ff37b36cf","sha1":"page@71e3838c1cd9303e9cdf4b1ff37b36cf-1786867260489.jpeg","width":1280,"height":800,"timestamp":16656.764,"frameSwapWallTime":1786867260453.1091}
{"type":"screencast-frame","pageId":"page@71e3838c1cd9303e9cdf4b1ff37b36cf","sha1":"page@71e3838c1cd9303e9cdf4b1ff37b36cf-1786867260766.jpeg","width":1280,"height":800,"timestamp":16934.268,"frameSwapWallTime":1786867260752.2632}
{"type":"screencast-frame","pageId":"page@71e3838c1cd9303e9cdf4b1ff37b36cf","sha1":"page@71e3838c1cd9303e9cdf4b1ff37b36cf-1786867260983.jpeg","width":1280,"height":800,"timestamp":17150.619,"frameSwapWallTime":1786867260962.2632}
{"type":"screencast-frame","pageId":"page@71e3838c1cd9303e9cdf4b1ff37b36cf","sha1":"page@71e3838c1cd9303e9cdf4b1ff37b36cf-1786867261198.jpeg","width":1280,"height":800,"timestamp":17366.25,"frameSwapWallTime":1786867261184.4111}
{"type":"screencast-frame","pageId":"page@71e3838c1cd9303e9cdf4b1ff37b36cf","sha1":"page@71e3838c1cd9303e9cdf4b1ff37b36cf-1786867261427.jpeg","width":1280,"height":800,"timestamp":17595.124,"frameSwapWallTime":1786867261396.015}
{"type":"screencast-frame","pageId":"page@71e3838c1cd9303e9cdf4b1ff37b36cf","sha1":"page@71e3838c1cd9303e9cdf4b1ff37b36cf-1786867261656.jpeg","width":1280,"height":800,"timestamp":17824.006,"frameSwapWallTime":1786867261619.7441}
{"type":"screencast-frame","pageId":"page@71e3838c1cd9303e9cdf4b1ff37b36cf","sha1":"page@71e3838c1cd9303e9cdf4b1ff37b36cf-1786867261912.jpeg","width":1280,"height":800,"timestamp":18079.64,"frameSwapWallTime":1786867261887.1902}
