{"version":8,"type":"context-options","origin":"library","browserName":"chromium","playwrightVersion":"1.62.1","options":{"noDefaultViewport":false,"viewport":{"width":1280,"height":800},"ignoreHTTPSErrors":false,"javaScriptEnabled":true,"bypassCSP":false,"userAgent":"Mozilla/5.0 (Windows NT 10.0; Win64; x64) AppleWebKit/537.36 (KHTML, like Gecko) Chrome/151.0.7922.34 Safari/537.36","locale":"en-US","offline":false,"deviceScaleFactor":1,"isMobile":false,"hasTouch":false,"colorScheme":"light","acceptDownloads":"accept","baseURL":"http://localhost:4173","recordVideo":{"dir":"C:\\Dev\\00-work\\multiplication-table\\99\\e2e\\.resultados\\.playwright-artifacts-0"},"serviceWorkers":"allow","selectorEngines":[],"testIdAttributeName":"data-testid"},"platform":"win32","wallTime":1786867251726,"monotonicTime":7893.658,"sdkLanguage":"javascript","testIdAttributeName":"data-testid","contextId":"browser-context@2fcf4dc0dca71318c29b7ee78c6f4eee","title":"desktop.spec.ts:44 › partida no computador › o jogador anda de fato quando as teclas sao pressionadas"}
{"type":"before","callId":"call@38","startTime":7896.654,"class":"BrowserContext","method":"newPage","params":{},"stepId":"pw:api@26"}
{"type":"event","time":7948.211,"class":"BrowserContext","method":"page","params":{"pageId":"page@bff992c5765650af6c9c169aa2a056ee"}}
{"type":"after","callId":"call@38","endTime":7948.267,"result":{"page":"<Page>"}}
{"type":"before","callId":"call@41","startTime":7950.065,"class":"Frame","method":"goto","params":{"url":"/","waitUntil":"load"},"stepId":"pw:api@27","pageId":"page@bff992c5765650af6c9c169aa2a056ee","beforeSnapshot":"before@call@41"}
{"type":"frame-snapshot","snapshot":{"callId":"call@41","snapshotName":"before@call@41","pageId":"page@bff992c5765650af6c9c169aa2a056ee","frameId":"frame@b0dd9c3ede8e3ec3272cd86fb5785a71","frameUrl":"about:blank","html":["HTML",{},["HEAD",{},["BASE",{"href":"about:blank"}]],["BODY"]],"viewport":{"width":1280,"height":800},"timestamp":7951.958,"wallTime":1786867251786,"collectionTime":0.6000000014901161,"resourceOverrides":[],"isMainFrame":true}}
{"type":"log","callId":"call@41","time":7952.642,"message":"navigating to \"http://localhost:4173/\", waiting until \"load\""}
{"type":"screencast-frame","pageId":"page@bff992c5765650af6c9c169aa2a056ee","sha1":"page@bff992c5765650af6c9c169aa2a056ee-1786867251835.jpeg","width":1280,"height":800,"timestamp":8003.084,"frameSwapWallTime":1786867251832.739}
{"type":"after","callId":"call@41","endTime":8171.634,"result":{"response":"<Response>"},"afterSnapshot":"after@call@41"}
{"type":"frame-snapshot","snapshot":{"callId":"call@41","snapshotName":"after@call@41","pageId":"page@bff992c5765650af6c9c169aa2a056ee","frameId":"frame@b0dd9c3ede8e3ec3272cd86fb5785a71","frameUrl":"http://localhost:4173/","doctype":"html","html":["HTML",{"lang":"pt-BR"},["HEAD",{},["BASE",{"href":"http://localhost:4173/"}],"\n    ",["META",{"charset":"utf-8"}],"\n    ",["META",{"name":"viewport","content":"width=device-width, initial-scale=1.0"}],"\n    ",["TITLE",{},"Sobrevivência da Tabuada"],"\n    ",["META",{"name":"description","content":"POC 3D de sobrevivência educacional: resolva a tabuada do 2 para coletar recursos, construir e sobreviver à noite."}],"\n    ","\n    ",["LINK",{"rel":"modulepreload","crossorigin":"","href":"./assets/rapier-BTGFHtNQ.js"}],"\n    ",["LINK",{"rel":"modulepreload","crossorigin":"","href":"./assets/resources-mycm5O5L.js"}],"\n    ",["LINK",{"rel":"stylesheet","crossorigin":"","href":"./assets/index-DgxzPjDu.css"}],"\n  ",["LINK",{"rel":"modulepreload","as":"script","crossorigin":"","href":"http://localhost:4173/assets/GameCanvas-DCncwzi3.js"}],["LINK",{"rel":"stylesheet","crossorigin":"","href":"http://localhost:4173/assets/GameCanvas-DJPXOjM-.css"}]],"\n  ",["BODY",{},"\n    ",["DIV",{"id":"root"},["DIV",{"class":"loading","role":"status"},["DIV",{"class":"loading__sun","aria-hidden":"true"}],["P",{"class":"loading__title"},"Sobrevivência da Tabuada"],["P",{"class":"loading__text"},"Preparando a ilha…"]],["DIV",{"class":"hud"},["DIV",{"class":"hud__panel hud__panel--inventory"},["SPAN",{"class":"hud__phase hud__phase--dia"},["STRONG",{},"Dia"],["SMALL",{},"dia ","1"],["EM",{},"0","s"]],["SPAN",{"class":"hud__health","role":"meter","aria-label":"Vida","aria-valuenow":"100","aria-valuemin":"0","aria-valuemax":"100"},["I",{"style":"width: 100%;"}]],["SPAN",{"class":"hud__resource"},["I",{"class":"hud__dot hud__dot--madeira","aria-hidden":"true"}],"madeira"," ",["STRONG",{},"0"]],["SPAN",{"class":"hud__resource"},["I",{"class":"hud__dot hud__dot--fruta","aria-hidden":"true"}],"frutas"," ",["STRONG",{},"0"]],["SPAN",{"class":"hud__resource"},["I",{"class":"hud__dot hud__dot--pedra","aria-hidden":"true"}],"pedras"," ",["STRONG",{},"0"]]],["DIV",{"class":"hud__panel hud__panel--controls"},["STRONG",{},"Controles"],["SPAN",{},"WASD — andar"],["SPAN",{},"← → ou arrastar o mouse — girar a câmera"],["SPAN",{},"E — resolver e colher · 1 2 3 — responder"],["SPAN",{},"B — fogueira · C — cerca"],["SPAN",{},"Espaço — construir · Esc — cancelar"]],["DIV",{"class":"hud__bottom "},["DIV",{"class":"hud__recipes"},["SPAN",{"class":"hud__recipe  "},["STRONG",{},"Fogueira"]," ","8 madeira · 4 pedra"],["SPAN",{"class":"hud__recipe  "},["STRONG",{},"Cerca"]," ","6 madeira"]]]]],"\n  \n\n"]],"viewport":{"width":1280,"height":800},"timestamp":8201.381,"wallTime":1786867252035,"collectionTime":15.200000001117587,"resourceOverrides":[],"isMainFrame":true}}
{"type":"before","callId":"call@43","startTime":8204.783,"title":"Expect \"toBeVisible\"","class":"Frame","method":"expect","params":{"selector":"canvas","expression":"to.be.visible","expectedValue":{"value":{"v":"undefined"},"handles":[]},"isNot":false,"timeout":60000},"stepId":"expect@28","pageId":"page@bff992c5765650af6c9c169aa2a056ee","beforeSnapshot":"before@call@43"}
{"type":"frame-snapshot","snapshot":{"callId":"call@43","snapshotName":"before@call@43","pageId":"page@bff992c5765650af6c9c169aa2a056ee","frameId":"frame@b0dd9c3ede8e3ec3272cd86fb5785a71","frameUrl":"http://localhost:4173/","doctype":"html","html":[[1,88]],"viewport":{"width":1280,"height":800},"timestamp":8207.345,"wallTime":1786867252041,"collectionTime":0.2999999988824129,"resourceOverrides":[],"isMainFrame":true}}
{"type":"log","callId":"call@43","time":8207.704,"message":"Expect \"toBeVisible\" with timeout 60000ms"}
{"type":"log","callId":"call@43","time":8207.717,"message":"waiting for locator('canvas')"}
{"type":"screencast-frame","pageId":"page@bff992c5765650af6c9c169aa2a056ee","sha1":"page@bff992c5765650af6c9c169aa2a056ee-1786867252060.jpeg","width":1280,"height":800,"timestamp":8228.399,"frameSwapWallTime":1786867252059.813}
{"type":"screencast-frame","pageId":"page@bff992c5765650af6c9c169aa2a056ee","sha1":"page@bff992c5765650af6c9c169aa2a056ee-1786867252069.jpeg","width":1280,"height":800,"timestamp":8236.626,"frameSwapWallTime":1786867252068.146}
{"type":"screencast-frame","pageId":"page@bff992c5765650af6c9c169aa2a056ee","sha1":"page@bff992c5765650af6c9c169aa2a056ee-1786867252079.jpeg","width":1280,"height":800,"timestamp":8247.145,"frameSwapWallTime":1786867252078.936}
{"type":"screencast-frame","pageId":"page@bff992c5765650af6c9c169aa2a056ee","sha1":"page@bff992c5765650af6c9c169aa2a056ee-1786867252100.jpeg","width":1280,"height":800,"timestamp":8267.592,"frameSwapWallTime":1786867252097.4531}
{"type":"screencast-frame","pageId":"page@bff992c5765650af6c9c169aa2a056ee","sha1":"page@bff992c5765650af6c9c169aa2a056ee-1786867252116.jpeg","width":1280,"height":800,"timestamp":8283.929,"frameSwapWallTime":1786867252114.079}
{"type":"screencast-frame","pageId":"page@bff992c5765650af6c9c169aa2a056ee","sha1":"page@bff992c5765650af6c9c169aa2a056ee-1786867252131.jpeg","width":1280,"height":800,"timestamp":8299.438,"frameSwapWallTime":1786867252129.732}
{"type":"screencast-frame","pageId":"page@bff992c5765650af6c9c169aa2a056ee","sha1":"page@bff992c5765650af6c9c169aa2a056ee-1786867252150.jpeg","width":1280,"height":800,"timestamp":8317.891,"frameSwapWallTime":1786867252147.9321}
{"type":"screencast-frame","pageId":"page@bff992c5765650af6c9c169aa2a056ee","sha1":"page@bff992c5765650af6c9c169aa2a056ee-1786867252162.jpeg","width":1280,"height":800,"timestamp":8330.535,"frameSwapWallTime":1786867252162.571}
{"type":"screencast-frame","pageId":"page@bff992c5765650af6c9c169aa2a056ee","sha1":"page@bff992c5765650af6c9c169aa2a056ee-1786867252178.jpeg","width":1280,"height":800,"timestamp":8346.043,"frameSwapWallTime":1786867252177.9321}
{"type":"screencast-frame","pageId":"page@bff992c5765650af6c9c169aa2a056ee","sha1":"page@bff992c5765650af6c9c169aa2a056ee-1786867252196.jpeg","width":1280,"height":800,"timestamp":8363.918,"frameSwapWallTime":1786867252195.855}
{"type":"screencast-frame","pageId":"page@bff992c5765650af6c9c169aa2a056ee","sha1":"page@bff992c5765650af6c9c169aa2a056ee-1786867252211.jpeg","width":1280,"height":800,"timestamp":8379.53,"frameSwapWallTime":1786867252211.303}
{"type":"screencast-frame","pageId":"page@bff992c5765650af6c9c169aa2a056ee","sha1":"page@bff992c5765650af6c9c169aa2a056ee-1786867252230.jpeg","width":1280,"height":800,"timestamp":8397.585,"frameSwapWallTime":1786867252229.353}
{"type":"screencast-frame","pageId":"page@bff992c5765650af6c9c169aa2a056ee","sha1":"page@bff992c5765650af6c9c169aa2a056ee-1786867252246.jpeg","width":1280,"height":800,"timestamp":8414.033,"frameSwapWallTime":1786867252245.6519}
{"type":"screencast-frame","pageId":"page@bff992c5765650af6c9c169aa2a056ee","sha1":"page@bff992c5765650af6c9c169aa2a056ee-1786867252263.jpeg","width":1280,"height":800,"timestamp":8430.842,"frameSwapWallTime":1786867252262.7612}
{"type":"screencast-frame","pageId":"page@bff992c5765650af6c9c169aa2a056ee","sha1":"page@bff992c5765650af6c9c169aa2a056ee-1786867252280.jpeg","width":1280,"height":800,"timestamp":8447.985,"frameSwapWallTime":1786867252280.193}
{"type":"screencast-frame","pageId":"page@bff992c5765650af6c9c169aa2a056ee","sha1":"page@bff992c5765650af6c9c169aa2a056ee-1786867252296.jpeg","width":1280,"height":800,"timestamp":8464.431,"frameSwapWallTime":1786867252296.409}
{"type":"screencast-frame","pageId":"page@bff992c5765650af6c9c169aa2a056ee","sha1":"page@bff992c5765650af6c9c169aa2a056ee-1786867252311.jpeg","width":1280,"height":800,"timestamp":8479.46,"frameSwapWallTime":1786867252311.636}
{"type":"screencast-frame","pageId":"page@bff992c5765650af6c9c169aa2a056ee","sha1":"page@bff992c5765650af6c9c169aa2a056ee-1786867252328.jpeg","width":1280,"height":800,"timestamp":8496.426,"frameSwapWallTime":1786867252328.521}
{"type":"screencast-frame","pageId":"page@bff992c5765650af6c9c169aa2a056ee","sha1":"page@bff992c5765650af6c9c169aa2a056ee-1786867252345.jpeg","width":1280,"height":800,"timestamp":8513.534,"frameSwapWallTime":1786867252345.604}
{"type":"log","callId":"call@43","time":8529.646,"message":"  locator resolved to <canvas></canvas>"}
{"type":"after","callId":"call@43","endTime":8529.683,"afterSnapshot":"after@call@43"}
{"type":"frame-snapshot","snapshot":{"callId":"call@43","snapshotName":"after@call@43","pageId":"page@bff992c5765650af6c9c169aa2a056ee","frameId":"frame@b0dd9c3ede8e3ec3272cd86fb5785a71","frameUrl":"http://localhost:4173/","doctype":"html","html":["HTML",{"lang":"pt-BR"},[[2,20]],[[2,21]],["BODY",{},[[2,22]],["DIV",{"id":"root"},["DIV",{"style":"position: relative; width: 100%; height: 100%; overflow: hidden; pointer-events: auto;"},["DIV",{"style":"width: 100%; height: 100%;"},["CANVAS",{"__playwright_bounding_rect__":"{\"left\":0,\"top\":0,\"right\":300,\"bottom\":150}","__playwright_target__":"","style":"display: block;"}]]],[[2,84]]],[[2,86]]]],"viewport":{"width":1280,"height":800},"timestamp":8530.569,"wallTime":1786867252364,"collectionTime":0.30000000074505806,"resourceOverrides":[],"isMainFrame":true}}
{"type":"before","callId":"call@45","startTime":8531.676,"title":"Expect \"toHaveCount\"","class":"Frame","method":"expect","params":{"selector":".loading","expression":"to.have.count","expectedNumber":0,"expectedValue":{"value":{"v":"undefined"},"handles":[]},"isNot":false,"timeout":60000},"stepId":"expect@29","pageId":"page@bff992c5765650af6c9c169aa2a056ee","beforeSnapshot":"before@call@45"}
{"type":"frame-snapshot","snapshot":{"callId":"call@45","snapshotName":"before@call@45","pageId":"page@bff992c5765650af6c9c169aa2a056ee","frameId":"frame@b0dd9c3ede8e3ec3272cd86fb5785a71","frameUrl":"http://localhost:4173/","doctype":"html","html":["HTML",{"lang":"pt-BR"},[[3,20]],[[3,21]],["BODY",{},[[3,22]],["DIV",{"id":"root"},["DIV",{"style":"position: relative; width: 100%; height: 100%; overflow: hidden; pointer-events: auto;"},["DIV",{"style":"width: 100%; height: 100%;"},["CANVAS",{"__playwright_bounding_rect__":"{\"left\":0,\"top\":0,\"right\":300,\"bottom\":150}","style":"display: block;"}]]],[[3,84]]],[[3,86]]]],"viewport":{"width":1280,"height":800},"timestamp":8532.332,"wallTime":1786867252366,"collectionTime":0.2000000011175871,"resourceOverrides":[],"isMainFrame":true}}
{"type":"log","callId":"call@45","time":8532.479,"message":"Expect \"toHaveCount\" with timeout 60000ms"}
{"type":"log","callId":"call@45","time":8532.484,"message":"waiting for locator('.loading')"}
{"type":"after","callId":"call@45","endTime":8533.295,"afterSnapshot":"after@call@45"}
{"type":"frame-snapshot","snapshot":{"callId":"call@45","snapshotName":"after@call@45","pageId":"page@bff992c5765650af6c9c169aa2a056ee","frameId":"frame@b0dd9c3ede8e3ec3272cd86fb5785a71","frameUrl":"http://localhost:4173/","doctype":"html","html":[[1,5]],"viewport":{"width":1280,"height":800},"timestamp":8533.817,"wallTime":1786867252368,"collectionTime":0.2000000011175871,"resourceOverrides":[],"isMainFrame":true}}
{"type":"before","callId":"call@47","startTime":8534.454,"class":"Frame","method":"waitForFunction","params":{"expression":"() => {\n    const ponte = window.__tabuada;\n    if (!ponte) return false;\n    const assentado = ponte.transform.y > 0.5 && ponte.transform.y < 1.5;\n    return ponte.store.getState().nodes.length > 0 && assentado;\n  }","isFunction":true,"arg":{"value":{"v":"null"},"handles":[]},"timeout":60000},"stepId":"pw:api@30","pageId":"page@bff992c5765650af6c9c169aa2a056ee","beforeSnapshot":"before@call@47"}
{"type":"frame-snapshot","snapshot":{"callId":"call@47","snapshotName":"before@call@47","pageId":"page@bff992c5765650af6c9c169aa2a056ee","frameId":"frame@b0dd9c3ede8e3ec3272cd86fb5785a71","frameUrl":"http://localhost:4173/","doctype":"html","html":[[2,5]],"viewport":{"width":1280,"height":800},"timestamp":8534.927,"wallTime":1786867252369,"collectionTime":0,"resourceOverrides":[],"isMainFrame":true}}
{"type":"console","messageType":"warning","text":"THREE.Clock: This module has been deprecated. Please use THREE.Timer instead.","args":[{"preview":"THREE.Clock: This module has been deprecated. Please use THREE.Timer instead.","value":"THREE.Clock: This module has been deprecated. Please use THREE.Timer instead."}],"location":{"url":"http://localhost:4173/assets/resources-mycm5O5L.js","lineNumber":8,"columnNumber":44839},"time":8560.597,"pageId":"page@bff992c5765650af6c9c169aa2a056ee"}
{"type":"screencast-frame","pageId":"page@bff992c5765650af6c9c169aa2a056ee","sha1":"page@bff992c5765650af6c9c169aa2a056ee-1786867252434.jpeg","width":1280,"height":800,"timestamp":8602.461,"frameSwapWallTime":1786867252433.433}
{"type":"console","messageType":"warning","text":"using deprecated parameters for the initialization function; pass a single object instead","args":[{"preview":"using deprecated parameters for the initialization function; pass a single object instead","value":"using deprecated parameters for the initialization function; pass a single object instead"}],"location":{"url":"http://localhost:4173/assets/rapier-BTGFHtNQ.js","lineNumber":0,"columnNumber":73052},"time":8630.034,"pageId":"page@bff992c5765650af6c9c169aa2a056ee"}
{"type":"screencast-frame","pageId":"page@bff992c5765650af6c9c169aa2a056ee","sha1":"page@bff992c5765650af6c9c169aa2a056ee-1786867252475.jpeg","width":1280,"height":800,"timestamp":8643.482,"frameSwapWallTime":1786867252474.9539}
{"type":"screencast-frame","pageId":"page@bff992c5765650af6c9c169aa2a056ee","sha1":"page@bff992c5765650af6c9c169aa2a056ee-1786867252483.jpeg","width":1280,"height":800,"timestamp":8650.602,"frameSwapWallTime":1786867252481.803}
{"type":"screencast-frame","pageId":"page@bff992c5765650af6c9c169aa2a056ee","sha1":"page@bff992c5765650af6c9c169aa2a056ee-1786867252497.jpeg","width":1280,"height":800,"timestamp":8665.043,"frameSwapWallTime":1786867252496.563}
{"type":"screencast-frame","pageId":"page@bff992c5765650af6c9c169aa2a056ee","sha1":"page@bff992c5765650af6c9c169aa2a056ee-1786867252512.jpeg","width":1280,"height":800,"timestamp":8680.485,"frameSwapWallTime":1786867252512.075}
{"type":"screencast-frame","pageId":"page@bff992c5765650af6c9c169aa2a056ee","sha1":"page@bff992c5765650af6c9c169aa2a056ee-1786867252530.jpeg","width":1280,"height":800,"timestamp":8697.761,"frameSwapWallTime":1786867252529.673}
{"type":"screencast-frame","pageId":"page@bff992c5765650af6c9c169aa2a056ee","sha1":"page@bff992c5765650af6c9c169aa2a056ee-1786867252550.jpeg","width":1280,"height":800,"timestamp":8717.955,"frameSwapWallTime":1786867252549.471}
{"type":"screencast-frame","pageId":"page@bff992c5765650af6c9c169aa2a056ee","sha1":"page@bff992c5765650af6c9c169aa2a056ee-1786867252563.jpeg","width":1280,"height":800,"timestamp":8730.884,"frameSwapWallTime":1786867252562.9539}
{"type":"screencast-frame","pageId":"page@bff992c5765650af6c9c169aa2a056ee","sha1":"page@bff992c5765650af6c9c169aa2a056ee-1786867252580.jpeg","width":1280,"height":800,"timestamp":8747.685,"frameSwapWallTime":1786867252579.623}
{"type":"screencast-frame","pageId":"page@bff992c5765650af6c9c169aa2a056ee","sha1":"page@bff992c5765650af6c9c169aa2a056ee-1786867252597.jpeg","width":1280,"height":800,"timestamp":8764.669,"frameSwapWallTime":1786867252595.56}
{"type":"screencast-frame","pageId":"page@bff992c5765650af6c9c169aa2a056ee","sha1":"page@bff992c5765650af6c9c169aa2a056ee-1786867252614.jpeg","width":1280,"height":800,"timestamp":8782.262,"frameSwapWallTime":1786867252613.858}
{"type":"screencast-frame","pageId":"page@bff992c5765650af6c9c169aa2a056ee","sha1":"page@bff992c5765650af6c9c169aa2a056ee-1786867252629.jpeg","width":1280,"height":800,"timestamp":8797.273,"frameSwapWallTime":1786867252629.1}
{"type":"screencast-frame","pageId":"page@bff992c5765650af6c9c169aa2a056ee","sha1":"page@bff992c5765650af6c9c169aa2a056ee-1786867252645.jpeg","width":1280,"height":800,"timestamp":8813.188,"frameSwapWallTime":1786867252645.257}
{"type":"screencast-frame","pageId":"page@bff992c5765650af6c9c169aa2a056ee","sha1":"page@bff992c5765650af6c9c169aa2a056ee-1786867252663.jpeg","width":1280,"height":800,"timestamp":8830.658,"frameSwapWallTime":1786867252662.249}
{"type":"screencast-frame","pageId":"page@bff992c5765650af6c9c169aa2a056ee","sha1":"page@bff992c5765650af6c9c169aa2a056ee-1786867252680.jpeg","width":1280,"height":800,"timestamp":8848.42,"frameSwapWallTime":1786867252680.085}
{"type":"screencast-frame","pageId":"page@bff992c5765650af6c9c169aa2a056ee","sha1":"page@bff992c5765650af6c9c169aa2a056ee-1786867252697.jpeg","width":1280,"height":800,"timestamp":8865.328,"frameSwapWallTime":1786867252696.875}
{"type":"screencast-frame","pageId":"page@bff992c5765650af6c9c169aa2a056ee","sha1":"page@bff992c5765650af6c9c169aa2a056ee-1786867252715.jpeg","width":1280,"height":800,"timestamp":8883.466,"frameSwapWallTime":1786867252714.293}
{"type":"console","messageType":"warning","text":"THREE.WebGLShadowMap: PCFSoftShadowMap has been deprecated. Using PCFShadowMap instead.","args":[{"preview":"THREE.WebGLShadowMap: PCFSoftShadowMap has been deprecated. Using PCFShadowMap instead.","value":"THREE.WebGLShadowMap: PCFSoftShadowMap has been deprecated. Using PCFShadowMap instead."}],"location":{"url":"http://localhost:4173/assets/resources-mycm5O5L.js","lineNumber":8,"columnNumber":44839},"time":8906.939,"pageId":"page@bff992c5765650af6c9c169aa2a056ee"}
{"type":"screencast-frame","pageId":"page@bff992c5765650af6c9c169aa2a056ee","sha1":"page@bff992c5765650af6c9c169aa2a056ee-1786867252745.jpeg","width":1280,"height":800,"timestamp":8913.062,"frameSwapWallTime":1786867252744.6611}
{"type":"screencast-frame","pageId":"page@bff992c5765650af6c9c169aa2a056ee","sha1":"page@bff992c5765650af6c9c169aa2a056ee-1786867252762.jpeg","width":1280,"height":800,"timestamp":8929.995,"frameSwapWallTime":1786867252761.945}
{"type":"screencast-frame","pageId":"page@bff992c5765650af6c9c169aa2a056ee","sha1":"page@bff992c5765650af6c9c169aa2a056ee-1786867252779.jpeg","width":1280,"height":800,"timestamp":8947.322,"frameSwapWallTime":1786867252778.554}
{"type":"screencast-frame","pageId":"page@bff992c5765650af6c9c169aa2a056ee","sha1":"page@bff992c5765650af6c9c169aa2a056ee-1786867252796.jpeg","width":1280,"height":800,"timestamp":8964.225,"frameSwapWallTime":1786867252795.718}
{"type":"screencast-frame","pageId":"page@bff992c5765650af6c9c169aa2a056ee","sha1":"page@bff992c5765650af6c9c169aa2a056ee-1786867252811.jpeg","width":1280,"height":800,"timestamp":8979.479,"frameSwapWallTime":1786867252811.2742}
{"type":"screencast-frame","pageId":"page@bff992c5765650af6c9c169aa2a056ee","sha1":"page@bff992c5765650af6c9c169aa2a056ee-1786867252835.jpeg","width":1280,"height":800,"timestamp":9002.719,"frameSwapWallTime":1786867252832.905}
{"type":"screencast-frame","pageId":"page@bff992c5765650af6c9c169aa2a056ee","sha1":"page@bff992c5765650af6c9c169aa2a056ee-1786867252850.jpeg","width":1280,"height":800,"timestamp":9018.418,"frameSwapWallTime":1786867252848.9321}
{"type":"screencast-frame","pageId":"page@bff992c5765650af6c9c169aa2a056ee","sha1":"page@bff992c5765650af6c9c169aa2a056ee-1786867252867.jpeg","width":1280,"height":800,"timestamp":9034.792,"frameSwapWallTime":1786867252864.871}
{"type":"after","callId":"call@47","endTime":9242.983,"result":{"handle":"<JSHandle>"},"afterSnapshot":"after@call@47"}
{"type":"console","messageType":"warning","text":"THREE.WebGLShadowMap: PCFSoftShadowMap has been deprecated. Using PCFShadowMap instead.","args":[{"preview":"THREE.WebGLShadowMap: PCFSoftShadowMap has been deprecated. Using PCFShadowMap instead.","value":"THREE.WebGLShadowMap: PCFSoftShadowMap has been deprecated. Using PCFShadowMap instead."}],"location":{"url":"http://localhost:4173/assets/resources-mycm5O5L.js","lineNumber":8,"columnNumber":44839},"time":9246.024,"pageId":"page@bff992c5765650af6c9c169aa2a056ee"}
{"type":"screencast-frame","pageId":"page@bff992c5765650af6c9c169aa2a056ee","sha1":"page@bff992c5765650af6c9c169aa2a056ee-1786867253095.jpeg","width":1280,"height":800,"timestamp":9262.71,"frameSwapWallTime":1786867253090.853}
{"type":"frame-snapshot","snapshot":{"callId":"call@47","snapshotName":"after@call@47","pageId":"page@bff992c5765650af6c9c169aa2a056ee","frameId":"frame@b0dd9c3ede8e3ec3272cd86fb5785a71","frameUrl":"http://localhost:4173/","doctype":"html","html":["HTML",{"lang":"pt-BR"},[[6,20]],[[6,21]],["BODY",{},[[6,22]],["DIV",{"id":"root"},["DIV",{"style":"position: relative; width: 100%; height: 100%; overflow: hidden; pointer-events: auto;"},["DIV",{"style":"width: 100%; height: 100%;"},["CANVAS",{"__playwright_bounding_rect__":"{\"left\":0,\"top\":0,\"right\":1280,\"bottom\":800}","style":"display: block; width: 1280px; height: 800px;","data-engine":"three.js r185","width":"1280","height":"800"}]]],[[6,84]]],[[6,86]]]],"viewport":{"width":1280,"height":800},"timestamp":9309.279,"wallTime":1786867253143,"collectionTime":0.19999999925494194,"resourceOverrides":[],"isMainFrame":true}}
{"type":"before","callId":"call@49","startTime":9310.89,"class":"Frame","method":"waitForTimeout","params":{"waitTimeout":400},"stepId":"pw:api@31","pageId":"page@bff992c5765650af6c9c169aa2a056ee","beforeSnapshot":"before@call@49"}
{"type":"screencast-frame","pageId":"page@bff992c5765650af6c9c169aa2a056ee","sha1":"page@bff992c5765650af6c9c169aa2a056ee-1786867253162.jpeg","width":1280,"height":800,"timestamp":9330.441,"frameSwapWallTime":1786867253158.009}
{"type":"frame-snapshot","snapshot":{"callId":"call@49","snapshotName":"before@call@49","pageId":"page@bff992c5765650af6c9c169aa2a056ee","frameId":"frame@b0dd9c3ede8e3ec3272cd86fb5785a71","frameUrl":"http://localhost:4173/","doctype":"html","html":[[1,5]],"viewport":{"width":1280,"height":800},"timestamp":9368.496,"wallTime":1786867253202,"collectionTime":0.19999999925494194,"resourceOverrides":[],"isMainFrame":true}}
{"type":"screencast-frame","pageId":"page@bff992c5765650af6c9c169aa2a056ee","sha1":"page@bff992c5765650af6c9c169aa2a056ee-1786867253223.jpeg","width":1280,"height":800,"timestamp":9390.885,"frameSwapWallTime":1786867253216.819}
{"type":"screencast-frame","pageId":"page@bff992c5765650af6c9c169aa2a056ee","sha1":"page@bff992c5765650af6c9c169aa2a056ee-1786867253283.jpeg","width":1280,"height":800,"timestamp":9451.417,"frameSwapWallTime":1786867253280.185}
{"type":"screencast-frame","pageId":"page@bff992c5765650af6c9c169aa2a056ee","sha1":"page@bff992c5765650af6c9c169aa2a056ee-1786867253355.jpeg","width":1280,"height":800,"timestamp":9522.707,"frameSwapWallTime":1786867253346.939}
{"type":"screencast-frame","pageId":"page@bff992c5765650af6c9c169aa2a056ee","sha1":"page@bff992c5765650af6c9c169aa2a056ee-1786867253408.jpeg","width":1280,"height":800,"timestamp":9575.946,"frameSwapWallTime":1786867253405.406}
{"type":"screencast-frame","pageId":"page@bff992c5765650af6c9c169aa2a056ee","sha1":"page@bff992c5765650af6c9c169aa2a056ee-1786867253469.jpeg","width":1280,"height":800,"timestamp":9637.369,"frameSwapWallTime":1786867253464.8718}
{"type":"screencast-frame","pageId":"page@bff992c5765650af6c9c169aa2a056ee","sha1":"page@bff992c5765650af6c9c169aa2a056ee-1786867253530.jpeg","width":1280,"height":800,"timestamp":9698.402,"frameSwapWallTime":1786867253524.976}
{"type":"screencast-frame","pageId":"page@bff992c5765650af6c9c169aa2a056ee","sha1":"page@bff992c5765650af6c9c169aa2a056ee-1786867253589.jpeg","width":1280,"height":800,"timestamp":9756.78,"frameSwapWallTime":1786867253583.39}
{"type":"after","callId":"call@49","endTime":9775.014,"afterSnapshot":"after@call@49"}
{"type":"frame-snapshot","snapshot":{"callId":"call@49","snapshotName":"after@call@49","pageId":"page@bff992c5765650af6c9c169aa2a056ee","frameId":"frame@b0dd9c3ede8e3ec3272cd86fb5785a71","frameUrl":"http://localhost:4173/","doctype":"html","html":["HTML",{"lang":"pt-BR"},[[8,20]],[[8,21]],["BODY",{},[[8,22]],["DIV",{"id":"root"},[[2,2]],["DIV",{"class":"hud"},["DIV",{"class":"hud__panel hud__panel--inventory"},["SPAN",{"class":"hud__phase hud__phase--dia"},[[8,30]],[[8,33]],["EM",{},"90",[[8,35]]]],[[8,39]],[[8,45]],[[8,51]],[[8,57]]],[[8,71]],[[8,83]]]],[[8,86]]]],"viewport":{"width":1280,"height":800},"timestamp":9796.398,"wallTime":1786867253630,"collectionTime":0.40000000037252903,"resourceOverrides":[],"isMainFrame":true}}
{"type":"before","callId":"call@51","startTime":9798.36,"class":"Frame","method":"evaluateExpression","params":{"expression":"() => {\n    const ponte = window.__tabuada;\n    const s = ponte.store.getState();\n    return {\n      inventario: s.inventory,\n      destacado: s.highlightedNodeId,\n      desafio: s.activeChallenge ? {\n        prompt: s.activeChallenge.prompt,\n        opcoes: s.activeChallenge.options,\n        resposta: s.activeChallenge.answer,\n        proposito: s.activeChallenge.purpose\n      } : null,\n      fase: s.clock.phase,\n      vida: s.health,\n      desfecho: s.outcome,\n      construcoes: s.structures.length,\n      jogador: {\n        x: ponte.transform.x,\n        z: ponte.transform.z\n      },\n      inimigos: s.enemies.length\n    };\n  }","isFunction":true,"arg":{"value":{"v":"undefined"},"handles":[]}},"stepId":"pw:api@32","pageId":"page@bff992c5765650af6c9c169aa2a056ee","beforeSnapshot":"before@call@51"}
{"type":"screencast-frame","pageId":"page@bff992c5765650af6c9c169aa2a056ee","sha1":"page@bff992c5765650af6c9c169aa2a056ee-1786867253647.jpeg","width":1280,"height":800,"timestamp":9815.521,"frameSwapWallTime":1786867253644.258}
{"type":"frame-snapshot","snapshot":{"callId":"call@51","snapshotName":"before@call@51","pageId":"page@bff992c5765650af6c9c169aa2a056ee","frameId":"frame@b0dd9c3ede8e3ec3272cd86fb5785a71","frameUrl":"http://localhost:4173/","doctype":"html","html":[[1,7]],"viewport":{"width":1280,"height":800},"timestamp":9859.294,"wallTime":1786867253693,"collectionTime":0.30000000074505806,"resourceOverrides":[],"isMainFrame":true}}
{"type":"screencast-frame","pageId":"page@bff992c5765650af6c9c169aa2a056ee","sha1":"page@bff992c5765650af6c9c169aa2a056ee-1786867253714.jpeg","width":1280,"height":800,"timestamp":9882.128,"frameSwapWallTime":1786867253709.04}
{"type":"after","callId":"call@51","endTime":9921.379,"result":{"value":{"o":[{"k":"inventario","v":{"o":[{"k":"madeira","v":{"n":0}},{"k":"fruta","v":{"n":0}},{"k":"pedra","v":{"n":0}}],"id":2}},{"k":"destacado","v":{"v":"null"}},{"k":"desafio","v":{"v":"null"}},{"k":"fase","v":{"s":"dia"}},{"k":"vida","v":{"n":100}},{"k":"desfecho","v":{"s":"jogando"}},{"k":"construcoes","v":{"n":0}},{"k":"jogador","v":{"o":[{"k":"x","v":{"n":0}},{"k":"z","v":{"n":0}}],"id":3}},{"k":"inimigos","v":{"n":0}}],"id":1}},"afterSnapshot":"after@call@51"}
{"type":"screencast-frame","pageId":"page@bff992c5765650af6c9c169aa2a056ee","sha1":"page@bff992c5765650af6c9c169aa2a056ee-1786867253772.jpeg","width":1280,"height":800,"timestamp":9940.294,"frameSwapWallTime":1786867253768.572}
{"type":"frame-snapshot","snapshot":{"callId":"call@51","snapshotName":"after@call@51","pageId":"page@bff992c5765650af6c9c169aa2a056ee","frameId":"frame@b0dd9c3ede8e3ec3272cd86fb5785a71","frameUrl":"http://localhost:4173/","doctype":"html","html":[[2,7]],"viewport":{"width":1280,"height":800},"timestamp":9980.043,"wallTime":1786867253813,"collectionTime":0.19999999925494194,"resourceOverrides":[],"isMainFrame":true}}
{"type":"before","callId":"call@53","startTime":9982.29,"class":"Page","method":"keyboardDown","params":{"key":"KeyW"},"stepId":"pw:api@33","pageId":"page@bff992c5765650af6c9c169aa2a056ee"}
{"type":"input","callId":"call@53","inputSnapshot":"input@call@53"}
{"type":"screencast-frame","pageId":"page@bff992c5765650af6c9c169aa2a056ee","sha1":"page@bff992c5765650af6c9c169aa2a056ee-1786867253832.jpeg","width":1280,"height":800,"timestamp":9999.672,"frameSwapWallTime":1786867253827.6702}
{"type":"frame-snapshot","snapshot":{"callId":"call@53","snapshotName":"input@call@53","pageId":"page@bff992c5765650af6c9c169aa2a056ee","frameId":"frame@b0dd9c3ede8e3ec3272cd86fb5785a71","frameUrl":"http://localhost:4173/","doctype":"html","html":[[3,7]],"viewport":{"width":1280,"height":800},"timestamp":10041.559,"wallTime":1786867253875,"collectionTime":0.19999999925494194,"resourceOverrides":[],"isMainFrame":true}}
{"type":"screencast-frame","pageId":"page@bff992c5765650af6c9c169aa2a056ee","sha1":"page@bff992c5765650af6c9c169aa2a056ee-1786867253892.jpeg","width":1280,"height":800,"timestamp":10059.66,"frameSwapWallTime":1786867253887.562}
{"type":"after","callId":"call@53","endTime":10100.908,"afterSnapshot":"after@call@53"}
{"type":"screencast-frame","pageId":"page@bff992c5765650af6c9c169aa2a056ee","sha1":"page@bff992c5765650af6c9c169aa2a056ee-1786867253953.jpeg","width":1280,"height":800,"timestamp":10121.065,"frameSwapWallTime":1786867253948.638}
{"type":"frame-snapshot","snapshot":{"callId":"call@53","snapshotName":"after@call@53","pageId":"page@bff992c5765650af6c9c169aa2a056ee","frameId":"frame@b0dd9c3ede8e3ec3272cd86fb5785a71","frameUrl":"http://localhost:4173/","doctype":"html","html":[[4,7]],"viewport":{"width":1280,"height":800},"timestamp":10161.722,"wallTime":1786867253995,"collectionTime":0.2000000011175871,"resourceOverrides":[],"isMainFrame":true}}
{"type":"before","callId":"call@55","startTime":10163.075,"class":"Frame","method":"waitForTimeout","params":{"waitTimeout":900},"stepId":"pw:api@34","pageId":"page@bff992c5765650af6c9c169aa2a056ee","beforeSnapshot":"before@call@55"}
{"type":"screencast-frame","pageId":"page@bff992c5765650af6c9c169aa2a056ee","sha1":"page@bff992c5765650af6c9c169aa2a056ee-1786867254015.jpeg","width":1280,"height":800,"timestamp":10182.82,"frameSwapWallTime":1786867254009.888}
{"type":"frame-snapshot","snapshot":{"callId":"call@55","snapshotName":"before@call@55","pageId":"page@bff992c5765650af6c9c169aa2a056ee","frameId":"frame@b0dd9c3ede8e3ec3272cd86fb5785a71","frameUrl":"http://localhost:4173/","doctype":"html","html":[[5,7]],"viewport":{"width":1280,"height":800},"timestamp":10222.792,"wallTime":1786867254056,"collectionTime":0.30000000074505806,"resourceOverrides":[],"isMainFrame":true}}
{"type":"screencast-frame","pageId":"page@bff992c5765650af6c9c169aa2a056ee","sha1":"page@bff992c5765650af6c9c169aa2a056ee-1786867254079.jpeg","width":1280,"height":800,"timestamp":10246.935,"frameSwapWallTime":1786867254073.291}
{"type":"screencast-frame","pageId":"page@bff992c5765650af6c9c169aa2a056ee","sha1":"page@bff992c5765650af6c9c169aa2a056ee-1786867254135.jpeg","width":1280,"height":800,"timestamp":10303.006,"frameSwapWallTime":1786867254130.361}
{"type":"screencast-frame","pageId":"page@bff992c5765650af6c9c169aa2a056ee","sha1":"page@bff992c5765650af6c9c169aa2a056ee-1786867254192.jpeg","width":1280,"height":800,"timestamp":10359.984,"frameSwapWallTime":1786867254188.171}
{"type":"screencast-frame","pageId":"page@bff992c5765650af6c9c169aa2a056ee","sha1":"page@bff992c5765650af6c9c169aa2a056ee-1786867254251.jpeg","width":1280,"height":800,"timestamp":10419.028,"frameSwapWallTime":1786867254246.6929}
{"type":"screencast-frame","pageId":"page@bff992c5765650af6c9c169aa2a056ee","sha1":"page@bff992c5765650af6c9c169aa2a056ee-1786867254313.jpeg","width":1280,"height":800,"timestamp":10480.894,"frameSwapWallTime":1786867254308.6592}
{"type":"screencast-frame","pageId":"page@bff992c5765650af6c9c169aa2a056ee","sha1":"page@bff992c5765650af6c9c169aa2a056ee-1786867254370.jpeg","width":1280,"height":800,"timestamp":10537.913,"frameSwapWallTime":1786867254363.889}
{"type":"screencast-frame","pageId":"page@bff992c5765650af6c9c169aa2a056ee","sha1":"page@bff992c5765650af6c9c169aa2a056ee-1786867254432.jpeg","width":1280,"height":800,"timestamp":10599.903,"frameSwapWallTime":1786867254427.443}
{"type":"screencast-frame","pageId":"page@bff992c5765650af6c9c169aa2a056ee","sha1":"page@bff992c5765650af6c9c169aa2a056ee-1786867254490.jpeg","width":1280,"height":800,"timestamp":10658.243,"frameSwapWallTime":1786867254485.4219}
{"type":"screencast-frame","pageId":"page@bff992c5765650af6c9c169aa2a056ee","sha1":"page@bff992c5765650af6c9c169aa2a056ee-1786867254549.jpeg","width":1280,"height":800,"timestamp":10716.853,"frameSwapWallTime":1786867254545.3179}
{"type":"screencast-frame","pageId":"page@bff992c5765650af6c9c169aa2a056ee","sha1":"page@bff992c5765650af6c9c169aa2a056ee-1786867254778.jpeg","width":1280,"height":800,"timestamp":10945.978,"frameSwapWallTime":1786867254773.0962}
{"type":"after","callId":"call@55","endTime":11123.926,"afterSnapshot":"after@call@55"}
{"type":"frame-snapshot","snapshot":{"callId":"call@55","snapshotName":"after@call@55","pageId":"page@bff992c5765650af6c9c169aa2a056ee","frameId":"frame@b0dd9c3ede8e3ec3272cd86fb5785a71","frameUrl":"http://localhost:4173/","doctype":"html","html":["HTML",{"lang":"pt-BR"},[[14,20]],[[14,21]],["BODY",{},[[14,22]],["DIV",{"id":"root"},[[8,2]],["DIV",{"class":"hud"},["DIV",{"class":"hud__panel hud__panel--inventory"},["SPAN",{"class":"hud__phase hud__phase--dia"},[[14,30]],[[14,33]],["EM",{},"89",[[14,35]]]],[[14,39]],[[14,45]],[[14,51]],[[14,57]]],[[14,71]],[[14,83]]]],[[14,86]]]],"viewport":{"width":1280,"height":800},"timestamp":11151.266,"wallTime":1786867254985,"collectionTime":0.30000000074505806,"resourceOverrides":[],"isMainFrame":true}}
{"type":"before","callId":"call@57","startTime":11152.982,"class":"Page","method":"keyboardUp","params":{"key":"KeyW"},"stepId":"pw:api@35","pageId":"page@bff992c5765650af6c9c169aa2a056ee"}
{"type":"input","callId":"call@57","inputSnapshot":"input@call@57"}
{"type":"screencast-frame","pageId":"page@bff992c5765650af6c9c169aa2a056ee","sha1":"page@bff992c5765650af6c9c169aa2a056ee-1786867255005.jpeg","width":1280,"height":800,"timestamp":11172.769,"frameSwapWallTime":1786867254999.023}
{"type":"frame-snapshot","snapshot":{"callId":"call@57","snapshotName":"input@call@57","pageId":"page@bff992c5765650af6c9c169aa2a056ee","frameId":"frame@b0dd9c3ede8e3ec3272cd86fb5785a71","frameUrl":"http://localhost:4173/","doctype":"html","html":[[1,7]],"viewport":{"width":1280,"height":800},"timestamp":11208.838,"wallTime":1786867255042,"collectionTime":0.30000000074505806,"resourceOverrides":[],"isMainFrame":true}}
{"type":"screencast-frame","pageId":"page@bff992c5765650af6c9c169aa2a056ee","sha1":"page@bff992c5765650af6c9c169aa2a056ee-1786867255059.jpeg","width":1280,"height":800,"timestamp":11227.511,"frameSwapWallTime":1786867255055.552}
{"type":"after","callId":"call@57","endTime":11264.026,"afterSnapshot":"after@call@57"}
{"type":"screencast-frame","pageId":"page@bff992c5765650af6c9c169aa2a056ee","sha1":"page@bff992c5765650af6c9c169aa2a056ee-1786867255115.jpeg","width":1280,"height":800,"timestamp":11282.62,"frameSwapWallTime":1786867255111.228}
{"type":"frame-snapshot","snapshot":{"callId":"call@57","snapshotName":"after@call@57","pageId":"page@bff992c5765650af6c9c169aa2a056ee","frameId":"frame@b0dd9c3ede8e3ec3272cd86fb5785a71","frameUrl":"http://localhost:4173/","doctype":"html","html":[[2,7]],"viewport":{"width":1280,"height":800},"timestamp":11319.068,"wallTime":1786867255152,"collectionTime":0.2999999988824129,"resourceOverrides":[],"isMainFrame":true}}
{"type":"before","callId":"call@59","startTime":11320.24,"class":"Frame","method":"waitForTimeout","params":{"waitTimeout":200},"stepId":"pw:api@36","pageId":"page@bff992c5765650af6c9c169aa2a056ee","beforeSnapshot":"before@call@59"}
{"type":"screencast-frame","pageId":"page@bff992c5765650af6c9c169aa2a056ee","sha1":"page@bff992c5765650af6c9c169aa2a056ee-1786867255177.jpeg","width":1280,"height":800,"timestamp":11345.51,"frameSwapWallTime":1786867255166.486}
{"type":"frame-snapshot","snapshot":{"callId":"call@59","snapshotName":"before@call@59","pageId":"page@bff992c5765650af6c9c169aa2a056ee","frameId":"frame@b0dd9c3ede8e3ec3272cd86fb5785a71","frameUrl":"http://localhost:4173/","doctype":"html","html":[[3,7]],"viewport":{"width":1280,"height":800},"timestamp":11382.259,"wallTime":1786867255216,"collectionTime":0.2000000011175871,"resourceOverrides":[],"isMainFrame":true}}
{"type":"screencast-frame","pageId":"page@bff992c5765650af6c9c169aa2a056ee","sha1":"page@bff992c5765650af6c9c169aa2a056ee-1786867255236.jpeg","width":1280,"height":800,"timestamp":11404.041,"frameSwapWallTime":1786867255229.706}
{"type":"screencast-frame","pageId":"page@bff992c5765650af6c9c169aa2a056ee","sha1":"page@bff992c5765650af6c9c169aa2a056ee-1786867255295.jpeg","width":1280,"height":800,"timestamp":11463.401,"frameSwapWallTime":1786867255287.457}
{"type":"screencast-frame","pageId":"page@bff992c5765650af6c9c169aa2a056ee","sha1":"page@bff992c5765650af6c9c169aa2a056ee-1786867255349.jpeg","width":1280,"height":800,"timestamp":11516.718,"frameSwapWallTime":1786867255345.208}
{"type":"screencast-frame","pageId":"page@bff992c5765650af6c9c169aa2a056ee","sha1":"page@bff992c5765650af6c9c169aa2a056ee-1786867255408.jpeg","width":1280,"height":800,"timestamp":11575.799,"frameSwapWallTime":1786867255404.321}
{"type":"after","callId":"call@59","endTime":11586.538,"afterSnapshot":"after@call@59"}
{"type":"frame-snapshot","snapshot":{"callId":"call@59","snapshotName":"after@call@59","pageId":"page@bff992c5765650af6c9c169aa2a056ee","frameId":"frame@b0dd9c3ede8e3ec3272cd86fb5785a71","frameUrl":"http://localhost:4173/","doctype":"html","html":["HTML",{"lang":"pt-BR"},[[18,20]],[[18,21]],["BODY",{},[[18,22]],["DIV",{"id":"root"},[[12,2]],["DIV",{"class":"hud"},["DIV",{"class":"hud__panel hud__panel--inventory"},["SPAN",{"class":"hud__phase hud__phase--dia"},[[18,30]],[[18,33]],["EM",{},"88",[[18,35]]]],[[18,39]],[[18,45]],[[18,51]],[[18,57]]],[[18,71]],[[18,83]]]],[[18,86]]]],"viewport":{"width":1280,"height":800},"timestamp":11613.945,"wallTime":1786867255447,"collectionTime":0.2999999988824129,"resourceOverrides":[],"isMainFrame":true}}
{"type":"before","callId":"call@61","startTime":11615.582,"class":"Frame","method":"evaluateExpression","params":{"expression":"() => {\n    const ponte = window.__tabuada;\n    const s = ponte.store.getState();\n    return {\n      inventario: s.inventory,\n      destacado: s.highlightedNodeId,\n      desafio: s.activeChallenge ? {\n        prompt: s.activeChallenge.prompt,\n        opcoes: s.activeChallenge.options,\n        resposta: s.activeChallenge.answer,\n        proposito: s.activeChallenge.purpose\n      } : null,\n      fase: s.clock.phase,\n      vida: s.health,\n      desfecho: s.outcome,\n      construcoes: s.structures.length,\n      jogador: {\n        x: ponte.transform.x,\n        z: ponte.transform.z\n      },\n      inimigos: s.enemies.length\n    };\n  }","isFunction":true,"arg":{"value":{"v":"undefined"},"handles":[]}},"stepId":"pw:api@37","pageId":"page@bff992c5765650af6c9c169aa2a056ee","beforeSnapshot":"before@call@61"}
{"type":"screencast-frame","pageId":"page@bff992c5765650af6c9c169aa2a056ee","sha1":"page@bff992c5765650af6c9c169aa2a056ee-1786867255466.jpeg","width":1280,"height":800,"timestamp":11633.674,"frameSwapWallTime":1786867255461.514}
{"type":"frame-snapshot","snapshot":{"callId":"call@61","snapshotName":"before@call@61","pageId":"page@bff992c5765650af6c9c169aa2a056ee","frameId":"frame@b0dd9c3ede8e3ec3272cd86fb5785a71","frameUrl":"http://localhost:4173/","doctype":"html","html":[[1,7]],"viewport":{"width":1280,"height":800},"timestamp":11672.202,"wallTime":1786867255506,"collectionTime":0.30000000074505806,"resourceOverrides":[],"isMainFrame":true}}
{"type":"screencast-frame","pageId":"page@bff992c5765650af6c9c169aa2a056ee","sha1":"page@bff992c5765650af6c9c169aa2a056ee-1786867255524.jpeg","width":1280,"height":800,"timestamp":11692.17,"frameSwapWallTime":1786867255518.6318}
{"type":"after","callId":"call@61","endTime":11731.707,"result":{"value":{"o":[{"k":"inventario","v":{"o":[{"k":"madeira","v":{"n":0}},{"k":"fruta","v":{"n":0}},{"k":"pedra","v":{"n":0}}],"id":2}},{"k":"destacado","v":{"v":"null"}},{"k":"desafio","v":{"v":"null"}},{"k":"fase","v":{"s":"dia"}},{"k":"vida","v":{"n":100}},{"k":"desfecho","v":{"s":"jogando"}},{"k":"construcoes","v":{"n":0}},{"k":"jogador","v":{"o":[{"k":"x","v":{"n":0}},{"k":"z","v":{"n":-7.780154705047607}}],"id":3}},{"k":"inimigos","v":{"n":0}}],"id":1}},"afterSnapshot":"after@call@61"}
{"type":"screencast-frame","pageId":"page@bff992c5765650af6c9c169aa2a056ee","sha1":"page@bff992c5765650af6c9c169aa2a056ee-1786867255582.jpeg","width":1280,"height":800,"timestamp":11750.33,"frameSwapWallTime":1786867255578.188}
{"type":"frame-snapshot","snapshot":{"callId":"call@61","snapshotName":"after@call@61","pageId":"page@bff992c5765650af6c9c169aa2a056ee","frameId":"frame@b0dd9c3ede8e3ec3272cd86fb5785a71","frameUrl":"http://localhost:4173/","doctype":"html","html":[[2,7]],"viewport":{"width":1280,"height":800},"timestamp":11788.525,"wallTime":1786867255622,"collectionTime":0.19999999925494194,"resourceOverrides":[],"isMainFrame":true}}
{"type":"before","callId":"call@63","startTime":11791.589,"class":"Page","method":"screenshot","params":{"type":"png"},"stepId":"pw:api@39","pageId":"page@bff992c5765650af6c9c169aa2a056ee","beforeSnapshot":"before@call@63"}
{"type":"screencast-frame","pageId":"page@bff992c5765650af6c9c169aa2a056ee","sha1":"page@bff992c5765650af6c9c169aa2a056ee-1786867255641.jpeg","width":1280,"height":800,"timestamp":11809.376,"frameSwapWallTime":1786867255636.342}
{"type":"frame-snapshot","snapshot":{"callId":"call@63","snapshotName":"before@call@63","pageId":"page@bff992c5765650af6c9c169aa2a056ee","frameId":"frame@b0dd9c3ede8e3ec3272cd86fb5785a71","frameUrl":"http://localhost:4173/","doctype":"html","html":[[3,7]],"viewport":{"width":1280,"height":800},"timestamp":11848.291,"wallTime":1786867255682,"collectionTime":0.2000000011175871,"resourceOverrides":[],"isMainFrame":true}}
{"type":"log","callId":"call@63","time":11848.568,"message":"taking page screenshot"}
{"type":"screencast-frame","pageId":"page@bff992c5765650af6c9c169aa2a056ee","sha1":"page@bff992c5765650af6c9c169aa2a056ee-1786867255700.jpeg","width":1280,"height":800,"timestamp":11868.197,"frameSwapWallTime":1786867255695.7559}
{"type":"log","callId":"call@63","time":11906.631,"message":"waiting for fonts to load..."}
{"type":"screencast-frame","pageId":"page@bff992c5765650af6c9c169aa2a056ee","sha1":"page@bff992c5765650af6c9c169aa2a056ee-1786867255759.jpeg","width":1280,"height":800,"timestamp":11927.169,"frameSwapWallTime":1786867255752.872}
{"type":"log","callId":"call@63","time":11963.526,"message":"fonts loaded"}
{"type":"screencast-frame","pageId":"page@bff992c5765650af6c9c169aa2a056ee","sha1":"page@bff992c5765650af6c9c169aa2a056ee-1786867255815.jpeg","width":1280,"height":800,"timestamp":11983.266,"frameSwapWallTime":1786867255810.582}
{"type":"screencast-frame","pageId":"page@bff992c5765650af6c9c169aa2a056ee","sha1":"page@bff992c5765650af6c9c169aa2a056ee-1786867255874.jpeg","width":1280,"height":800,"timestamp":12042.444,"frameSwapWallTime":1786867255870.597}
{"type":"screencast-frame","pageId":"page@bff992c5765650af6c9c169aa2a056ee","sha1":"page@bff992c5765650af6c9c169aa2a056ee-1786867255933.jpeg","width":1280,"height":800,"timestamp":12101.501,"frameSwapWallTime":1786867255928.364}
{"type":"screencast-frame","pageId":"page@bff992c5765650af6c9c169aa2a056ee","sha1":"page@bff992c5765650af6c9c169aa2a056ee-1786867255960.jpeg","width":1280,"height":800,"timestamp":12128.09,"frameSwapWallTime":1786867255952.877}
{"type":"screencast-frame","pageId":"page@bff992c5765650af6c9c169aa2a056ee","sha1":"page@bff992c5765650af6c9c169aa2a056ee-1786867256032.jpeg","width":1280,"height":800,"timestamp":12200.491,"frameSwapWallTime":1786867256028.094}
{"type":"after","callId":"call@63","endTime":12201.4,"result":{"binary":"<Buffer>"},"afterSnapshot":"after@call@63"}
{"type":"screencast-frame","pageId":"page@bff992c5765650af6c9c169aa2a056ee","sha1":"page@bff992c5765650af6c9c169aa2a056ee-1786867256063.jpeg","width":1280,"height":800,"timestamp":12231.164,"frameSwapWallTime":1786867256057.169}
{"type":"frame-snapshot","snapshot":{"callId":"call@63","snapshotName":"after@call@63","pageId":"page@bff992c5765650af6c9c169aa2a056ee","frameId":"frame@b0dd9c3ede8e3ec3272cd86fb5785a71","frameUrl":"http://localhost:4173/","doctype":"html","html":[[4,7]],"viewport":{"width":1280,"height":800},"timestamp":12259.237,"wallTime":1786867256093,"collectionTime":0.30000000074505806,"resourceOverrides":[],"isMainFrame":true}}
